--------------------------------------------------
NEXT : CALL 3
pc=0  sp=0  fp=0
stack  : []
globals: []
--------------------------------------------------
NEXT : ALLOC 6
pc=3  sp=2  fp=1
stack  : [1, 0]
globals: []
--------------------------------------------------
NEXT : IPUSH 0
pc=4  sp=8  fp=1
stack  : [1, 0, 0, 0, 0, 0, 0, 0]
globals: []
--------------------------------------------------
NEXT : IPUSH 1
pc=5  sp=9  fp=1
stack  : [1, 0, 0, 0, 0, 0, 0, 0, 0]
globals: []
--------------------------------------------------
NEXT : IPUSH 2
pc=6  sp=10  fp=1
stack  : [1, 0, 0, 0, 0, 0, 0, 0, 0, 1]
globals: []
--------------------------------------------------
NEXT : IADD
pc=7  sp=11  fp=1
stack  : [1, 0, 0, 0, 0, 0, 0, 0, 0, 1, 2]
globals: []
--------------------------------------------------
NEXT : IPUSH 3
pc=8  sp=10  fp=1
stack  : [1, 0, 0, 0, 0, 0, 0, 0, 0, 3]
globals: []
--------------------------------------------------
NEXT : IADD
pc=9  sp=11  fp=1
stack  : [1, 0, 0, 0, 0, 0, 0, 0, 0, 3, 3]
globals: []
--------------------------------------------------
NEXT : LOADL 0
pc=10  sp=10  fp=1
stack  : [1, 0, 0, 0, 0, 0, 0, 0, 0, 6]
globals: []
--------------------------------------------------
NEXT : IADD
pc=11  sp=11  fp=1
stack  : [1, 0, 0, 0, 0, 0, 0, 0, 0, 6, 0]
globals: []
--------------------------------------------------
NEXT : STOREL 0
pc=12  sp=10  fp=1
stack  : [1, 0, 0, 0, 0, 0, 0, 0, 0, 6]
globals: []
--------------------------------------------------
NEXT : IPUSH 1
pc=13  sp=9  fp=1
stack  : [1, 0, 6, 0, 0, 0, 0, 0, 0]
globals: []
--------------------------------------------------
NEXT : LOADL 0
pc=14  sp=10  fp=1
stack  : [1, 0, 6, 0, 0, 0, 0, 0, 0, 1]
globals: []
--------------------------------------------------
NEXT : IADD
pc=15  sp=11  fp=1
stack  : [1, 0, 6, 0, 0, 0, 0, 0, 0, 1, 6]
globals: []
--------------------------------------------------
NEXT : IPUSH 2
pc=16  sp=10  fp=1
stack  : [1, 0, 6, 0, 0, 0, 0, 0, 0, 7]
globals: []
--------------------------------------------------
NEXT : IADD
pc=17  sp=11  fp=1
stack  : [1, 0, 6, 0, 0, 0, 0, 0, 0, 7, 2]
globals: []
--------------------------------------------------
NEXT : IPUSH 3
pc=18  sp=10  fp=1
stack  : [1, 0, 6, 0, 0, 0, 0, 0, 0, 9]
globals: []
--------------------------------------------------
NEXT : IADD
pc=19  sp=11  fp=1
stack  : [1, 0, 6, 0, 0, 0, 0, 0, 0, 9, 3]
globals: []
--------------------------------------------------
NEXT : STOREL 1
pc=20  sp=10  fp=1
stack  : [1, 0, 6, 0, 0, 0, 0, 0, 0, 12]
globals: []
--------------------------------------------------
NEXT : IPUSH 1
pc=21  sp=9  fp=1
stack  : [1, 0, 6, 12, 0, 0, 0, 0, 0]
globals: []
--------------------------------------------------
NEXT : LOADL 0
pc=22  sp=10  fp=1
stack  : [1, 0, 6, 12, 0, 0, 0, 0, 0, 1]
globals: []
--------------------------------------------------
NEXT : IMUL
pc=23  sp=11  fp=1
stack  : [1, 0, 6, 12, 0, 0, 0, 0, 0, 1, 6]
globals: []
--------------------------------------------------
NEXT : STOREL 2
pc=24  sp=10  fp=1
stack  : [1, 0, 6, 12, 0, 0, 0, 0, 0, 6]
globals: []
--------------------------------------------------
NEXT : IPUSH 0
pc=25  sp=9  fp=1
stack  : [1, 0, 6, 12, 6, 0, 0, 0, 0]
globals: []
--------------------------------------------------
NEXT : LOADL 0
pc=26  sp=10  fp=1
stack  : [1, 0, 6, 12, 6, 0, 0, 0, 0, 0]
globals: []
--------------------------------------------------
NEXT : IMUL
pc=27  sp=11  fp=1
stack  : [1, 0, 6, 12, 6, 0, 0, 0, 0, 0, 6]
globals: []
--------------------------------------------------
NEXT : STOREL 3
pc=28  sp=10  fp=1
stack  : [1, 0, 6, 12, 6, 0, 0, 0, 0, 0]
globals: []
--------------------------------------------------
NEXT : LOADL 0
pc=29  sp=9  fp=1
stack  : [1, 0, 6, 12, 6, 0, 0, 0, 0]
globals: []
--------------------------------------------------
NEXT : JPZ 33
pc=30  sp=10  fp=1
stack  : [1, 0, 6, 12, 6, 0, 0, 0, 0, 6]
globals: []
--------------------------------------------------
NEXT : IPUSH 1
pc=31  sp=9  fp=1
stack  : [1, 0, 6, 12, 6, 0, 0, 0, 0]
globals: []
--------------------------------------------------
NEXT : JMP 46
pc=32  sp=10  fp=1
stack  : [1, 0, 6, 12, 6, 0, 0, 0, 0, 1]
globals: []
--------------------------------------------------
NEXT : STOREL 4
pc=46  sp=10  fp=1
stack  : [1, 0, 6, 12, 6, 0, 0, 0, 0, 1]
globals: []
--------------------------------------------------
NEXT : LOADL 0
pc=47  sp=9  fp=1
stack  : [1, 0, 6, 12, 6, 0, 1, 0, 0]
globals: []
--------------------------------------------------
NEXT : JPZ 57
pc=48  sp=10  fp=1
stack  : [1, 0, 6, 12, 6, 0, 1, 0, 0, 6]
globals: []
--------------------------------------------------
NEXT : LOADL 1
pc=49  sp=9  fp=1
stack  : [1, 0, 6, 12, 6, 0, 1, 0, 0]
globals: []
--------------------------------------------------
NEXT : JPZ 57
pc=50  sp=10  fp=1
stack  : [1, 0, 6, 12, 6, 0, 1, 0, 0, 12]
globals: []
--------------------------------------------------
NEXT : IPUSH 0
pc=51  sp=9  fp=1
stack  : [1, 0, 6, 12, 6, 0, 1, 0, 0]
globals: []
--------------------------------------------------
NEXT : JPZ 57
pc=52  sp=10  fp=1
stack  : [1, 0, 6, 12, 6, 0, 1, 0, 0, 0]
globals: []
--------------------------------------------------
NEXT : IPUSH 0
pc=57  sp=9  fp=1
stack  : [1, 0, 6, 12, 6, 0, 1, 0, 0]
globals: []
--------------------------------------------------
NEXT : STOREL 5
pc=58  sp=10  fp=1
stack  : [1, 0, 6, 12, 6, 0, 1, 0, 0, 0]
globals: []
--------------------------------------------------
NEXT : RET
pc=59  sp=9  fp=1
stack  : [1, 0, 6, 12, 6, 0, 1, 0, 0]
globals: []
--------------------------------------------------
NEXT : CLEAN 0
pc=1  sp=1  fp=0
stack  : [0]
globals: []
--------------------------------------------------
NEXT : HALT
pc=2  sp=1  fp=0
stack  : [0]
globals: []
==================================================
HALT
result = 0
pc=2  sp=1  fp=0
stack  : [0]
globals: []
==================================================
result = 0
