--------------------------------------------------
NEXT : CALL 3
pc=0  sp=0  fp=0
stack  : []
globals: []
--------------------------------------------------
NEXT : ALLOC 6
pc=3  sp=2  fp=1
stack  : [1, 0]
globals: []
--------------------------------------------------
NEXT : IPUSH 0
pc=4  sp=8  fp=1
stack  : [1, 0, 0, 0, 0, 0, 0, 0]
globals: []
--------------------------------------------------
NEXT : IPUSH 6
pc=5  sp=9  fp=1
stack  : [1, 0, 0, 0, 0, 0, 0, 0, 0]
globals: []
--------------------------------------------------
NEXT : LOADL 0
pc=6  sp=10  fp=1
stack  : [1, 0, 0, 0, 0, 0, 0, 0, 0, 6]
globals: []
--------------------------------------------------
NEXT : IADD
pc=7  sp=11  fp=1
stack  : [1, 0, 0, 0, 0, 0, 0, 0, 0, 6, 0]
globals: []
--------------------------------------------------
NEXT : STOREL 0
pc=8  sp=10  fp=1
stack  : [1, 0, 0, 0, 0, 0, 0, 0, 0, 6]
globals: []
--------------------------------------------------
NEXT : IPUSH 1
pc=9  sp=9  fp=1
stack  : [1, 0, 6, 0, 0, 0, 0, 0, 0]
globals: []
--------------------------------------------------
NEXT : LOADL 0
pc=10  sp=10  fp=1
stack  : [1, 0, 6, 0, 0, 0, 0, 0, 0, 1]
globals: []
--------------------------------------------------
NEXT : IADD
pc=11  sp=11  fp=1
stack  : [1, 0, 6, 0, 0, 0, 0, 0, 0, 1, 6]
globals: []
--------------------------------------------------
NEXT : IPUSH 2
pc=12  sp=10  fp=1
stack  : [1, 0, 6, 0, 0, 0, 0, 0, 0, 7]
globals: []
--------------------------------------------------
NEXT : IADD
pc=13  sp=11  fp=1
stack  : [1, 0, 6, 0, 0, 0, 0, 0, 0, 7, 2]
globals: []
--------------------------------------------------
NEXT : IPUSH 3
pc=14  sp=10  fp=1
stack  : [1, 0, 6, 0, 0, 0, 0, 0, 0, 9]
globals: []
--------------------------------------------------
NEXT : IADD
pc=15  sp=11  fp=1
stack  : [1, 0, 6, 0, 0, 0, 0, 0, 0, 9, 3]
globals: []
--------------------------------------------------
NEXT : STOREL 1
pc=16  sp=10  fp=1
stack  : [1, 0, 6, 0, 0, 0, 0, 0, 0, 12]
globals: []
--------------------------------------------------
NEXT : LOADL 0
pc=17  sp=9  fp=1
stack  : [1, 0, 6, 12, 0, 0, 0, 0, 0]
globals: []
--------------------------------------------------
NEXT : STOREL 2
pc=18  sp=10  fp=1
stack  : [1, 0, 6, 12, 0, 0, 0, 0, 0, 6]
globals: []
--------------------------------------------------
NEXT : IPUSH 0
pc=19  sp=9  fp=1
stack  : [1, 0, 6, 12, 6, 0, 0, 0, 0]
globals: []
--------------------------------------------------
NEXT : LOADL 0
pc=20  sp=10  fp=1
stack  : [1, 0, 6, 12, 6, 0, 0, 0, 0, 0]
globals: []
--------------------------------------------------
NEXT : IMUL
pc=21  sp=11  fp=1
stack  : [1, 0, 6, 12, 6, 0, 0, 0, 0, 0, 6]
globals: []
--------------------------------------------------
NEXT : STOREL 3
pc=22  sp=10  fp=1
stack  : [1, 0, 6, 12, 6, 0, 0, 0, 0, 0]
globals: []
--------------------------------------------------
NEXT : LOADL 0
pc=23  sp=9  fp=1
stack  : [1, 0, 6, 12, 6, 0, 0, 0, 0]
globals: []
--------------------------------------------------
NEXT : JPZ 27
pc=24  sp=10  fp=1
stack  : [1, 0, 6, 12, 6, 0, 0, 0, 0, 6]
globals: []
--------------------------------------------------
NEXT : IPUSH 1
pc=25  sp=9  fp=1
stack  : [1, 0, 6, 12, 6, 0, 0, 0, 0]
globals: []
--------------------------------------------------
NEXT : JMP 32
pc=26  sp=10  fp=1
stack  : [1, 0, 6, 12, 6, 0, 0, 0, 0, 1]
globals: []
--------------------------------------------------
NEXT : STOREL 4
pc=32  sp=10  fp=1
stack  : [1, 0, 6, 12, 6, 0, 0, 0, 0, 1]
globals: []
--------------------------------------------------
NEXT : LOADL 0
pc=33  sp=9  fp=1
stack  : [1, 0, 6, 12, 6, 0, 1, 0, 0]
globals: []
--------------------------------------------------
NEXT : JPZ 41
pc=34  sp=10  fp=1
stack  : [1, 0, 6, 12, 6, 0, 1, 0, 0, 6]
globals: []
--------------------------------------------------
NEXT : LOADL 1
pc=35  sp=9  fp=1
stack  : [1, 0, 6, 12, 6, 0, 1, 0, 0]
globals: []
--------------------------------------------------
NEXT : JPZ 41
pc=36  sp=10  fp=1
stack  : [1, 0, 6, 12, 6, 0, 1, 0, 0, 12]
globals: []
--------------------------------------------------
NEXT : IPUSH 0
pc=37  sp=9  fp=1
stack  : [1, 0, 6, 12, 6, 0, 1, 0, 0]
globals: []
--------------------------------------------------
NEXT : JPZ 41
pc=38  sp=10  fp=1
stack  : [1, 0, 6, 12, 6, 0, 1, 0, 0, 0]
globals: []
--------------------------------------------------
NEXT : IPUSH 0
pc=41  sp=9  fp=1
stack  : [1, 0, 6, 12, 6, 0, 1, 0, 0]
globals: []
--------------------------------------------------
NEXT : STOREL 5
pc=42  sp=10  fp=1
stack  : [1, 0, 6, 12, 6, 0, 1, 0, 0, 0]
globals: []
--------------------------------------------------
NEXT : RET
pc=43  sp=9  fp=1
stack  : [1, 0, 6, 12, 6, 0, 1, 0, 0]
globals: []
--------------------------------------------------
NEXT : CLEAN 0
pc=1  sp=1  fp=0
stack  : [0]
globals: []
--------------------------------------------------
NEXT : HALT
pc=2  sp=1  fp=0
stack  : [0]
globals: []
==================================================
HALT
result = 0
pc=2  sp=1  fp=0
stack  : [0]
globals: []
==================================================
result = 0
