--------------------------------------------------
NEXT : CALL 3
pc=0  sp=0  fp=0
stack  : []
globals: []
--------------------------------------------------
NEXT : ALLOC 0
pc=3  sp=2  fp=1
stack  : [1, 0]
globals: []
--------------------------------------------------
NEXT : IPUSH 0
pc=4  sp=2  fp=1
stack  : [1, 0]
globals: []
--------------------------------------------------
NEXT : POP
pc=5  sp=3  fp=1
stack  : [1, 0, 0]
globals: []
--------------------------------------------------
NEXT : IPUSH 10
pc=6  sp=2  fp=1
stack  : [1, 0]
globals: []
--------------------------------------------------
NEXT : CALL 29
pc=7  sp=3  fp=1
stack  : [1, 0, 10]
globals: []
--------------------------------------------------
NEXT : ALLOC 0
pc=29  sp=5  fp=4
stack  : [1, 0, 10, 8, 1]
globals: []
--------------------------------------------------
NEXT : IPUSH 0
pc=30  sp=5  fp=4
stack  : [1, 0, 10, 8, 1]
globals: []
--------------------------------------------------
NEXT : POP
pc=31  sp=6  fp=4
stack  : [1, 0, 10, 8, 1, 0]
globals: []
--------------------------------------------------
NEXT : IPUSH 0
pc=32  sp=5  fp=4
stack  : [1, 0, 10, 8, 1]
globals: []
--------------------------------------------------
NEXT : LOADA 0
pc=33  sp=6  fp=4
stack  : [1, 0, 10, 8, 1, 0]
globals: []
--------------------------------------------------
NEXT : CALL 10
pc=34  sp=7  fp=4
stack  : [1, 0, 10, 8, 1, 0, 10]
globals: []
--------------------------------------------------
NEXT : ALLOC 0
pc=10  sp=9  fp=8
stack  : [1, 0, 10, 8, 1, 0, 10, 35, 4]
globals: []
--------------------------------------------------
NEXT : IPUSH 0
pc=11  sp=9  fp=8
stack  : [1, 0, 10, 8, 1, 0, 10, 35, 4]
globals: []
--------------------------------------------------
NEXT : LOADA 0
pc=12  sp=10  fp=8
stack  : [1, 0, 10, 8, 1, 0, 10, 35, 4, 0]
globals: []
--------------------------------------------------
NEXT : IPUSH 0
pc=13  sp=11  fp=8
stack  : [1, 0, 10, 8, 1, 0, 10, 35, 4, 0, 10]
globals: []
--------------------------------------------------
NEXT : IEQ
pc=14  sp=12  fp=8
stack  : [1, 0, 10, 8, 1, 0, 10, 35, 4, 0, 10, 0]
globals: []
--------------------------------------------------
NEXT : JPZ 19
pc=15  sp=11  fp=8
stack  : [1, 0, 10, 8, 1, 0, 10, 35, 4, 0, 0]
globals: []
--------------------------------------------------
NEXT : POP
pc=19  sp=10  fp=8
stack  : [1, 0, 10, 8, 1, 0, 10, 35, 4, 0]
globals: []
--------------------------------------------------
NEXT : LOADA 0
pc=20  sp=9  fp=8
stack  : [1, 0, 10, 8, 1, 0, 10, 35, 4]
globals: []
--------------------------------------------------
NEXT : LOADA 1
pc=21  sp=10  fp=8
stack  : [1, 0, 10, 8, 1, 0, 10, 35, 4, 10]
globals: []
--------------------------------------------------
NEXT : IMUL
pc=22  sp=11  fp=8
stack  : [1, 0, 10, 8, 1, 0, 10, 35, 4, 10, 0]
globals: []
--------------------------------------------------
NEXT : LOADA 0
pc=23  sp=10  fp=8
stack  : [1, 0, 10, 8, 1, 0, 10, 35, 4, 0]
globals: []
--------------------------------------------------
NEXT : IPUSH 1
pc=24  sp=11  fp=8
stack  : [1, 0, 10, 8, 1, 0, 10, 35, 4, 0, 10]
globals: []
--------------------------------------------------
NEXT : ISUB
pc=25  sp=12  fp=8
stack  : [1, 0, 10, 8, 1, 0, 10, 35, 4, 0, 10, 1]
globals: []
--------------------------------------------------
NEXT : CALL 10
pc=26  sp=11  fp=8
stack  : [1, 0, 10, 8, 1, 0, 10, 35, 4, 0, 9]
globals: []
--------------------------------------------------
NEXT : ALLOC 0
pc=10  sp=13  fp=12
stack  : [1, 0, 10, 8, 1, 0, 10, 35, 4, 0, 9, 27, 8]
globals: []
--------------------------------------------------
NEXT : IPUSH 0
pc=11  sp=13  fp=12
stack  : [1, 0, 10, 8, 1, 0, 10, 35, 4, 0, 9, 27, 8]
globals: []
--------------------------------------------------
NEXT : LOADA 0
pc=12  sp=14  fp=12
stack  : [1, 0, 10, 8, 1, 0, 10, 35, 4, 0, 9, 27, 8, 0]
globals: []
--------------------------------------------------
NEXT : IPUSH 0
pc=13  sp=15  fp=12
stack  : [1, 0, 10, 8, 1, 0, 10, 35, 4, 0, 9, 27, 8, 0, 9]
globals: []
--------------------------------------------------
NEXT : IEQ
pc=14  sp=16  fp=12
stack  : [1, 0, 10, 8, 1, 0, 10, 35, 4, 0, 9, 27, 8, 0, 9, 0]
globals: []
--------------------------------------------------
NEXT : JPZ 19
pc=15  sp=15  fp=12
stack  : [1, 0, 10, 8, 1, 0, 10, 35, 4, 0, 9, 27, 8, 0, 0]
globals: []
--------------------------------------------------
NEXT : POP
pc=19  sp=14  fp=12
stack  : [1, 0, 10, 8, 1, 0, 10, 35, 4, 0, 9, 27, 8, 0]
globals: []
--------------------------------------------------
NEXT : LOADA 0
pc=20  sp=13  fp=12
stack  : [1, 0, 10, 8, 1, 0, 10, 35, 4, 0, 9, 27, 8]
globals: []
--------------------------------------------------
NEXT : LOADA 1
pc=21  sp=14  fp=12
stack  : [1, 0, 10, 8, 1, 0, 10, 35, 4, 0, 9, 27, 8, 9]
globals: []
--------------------------------------------------
NEXT : IMUL
pc=22  sp=15  fp=12
stack  : [1, 0, 10, 8, 1, 0, 10, 35, 4, 0, 9, 27, 8, 9, 0]
globals: []
--------------------------------------------------
NEXT : LOADA 0
pc=23  sp=14  fp=12
stack  : [1, 0, 10, 8, 1, 0, 10, 35, 4, 0, 9, 27, 8, 0]
globals: []
--------------------------------------------------
NEXT : IPUSH 1
pc=24  sp=15  fp=12
stack  : [1, 0, 10, 8, 1, 0, 10, 35, 4, 0, 9, 27, 8, 0, 9]
globals: []
--------------------------------------------------
NEXT : ISUB
pc=25  sp=16  fp=12
stack  : [1, 0, 10, 8, 1, 0, 10, 35, 4, 0, 9, 27, 8, 0, 9, 1]
globals: []
--------------------------------------------------
NEXT : CALL 10
pc=26  sp=15  fp=12
stack  : [1, 0, 10, 8, 1, 0, 10, 35, 4, 0, 9, 27, 8, 0, 8]
globals: []
--------------------------------------------------
NEXT : ALLOC 0
pc=10  sp=17  fp=16
stack  : [1, 0, 10, 8, 1, 0, 10, 35, 4, 0, 9, 27, 8, 0, 8, 27, 12]
globals: []
--------------------------------------------------
NEXT : IPUSH 0
pc=11  sp=17  fp=16
stack  : [1, 0, 10, 8, 1, 0, 10, 35, 4, 0, 9, 27, 8, 0, 8, 27, 12]
globals: []
--------------------------------------------------
NEXT : LOADA 0
pc=12  sp=18  fp=16
stack  : [1, 0, 10, 8, 1, 0, 10, 35, 4, 0, 9, 27, 8, 0, 8, 27, 12, 0]
globals: []
--------------------------------------------------
NEXT : IPUSH 0
pc=13  sp=19  fp=16
stack  : [1, 0, 10, 8, 1, 0, 10, 35, 4, 0, 9, 27, 8, 0, 8, 27, 12, 0, 8]
globals: []
--------------------------------------------------
NEXT : IEQ
pc=14  sp=20  fp=16
stack  : [1, 0, 10, 8, 1, 0, 10, 35, 4, 0, 9, 27, 8, 0, 8, 27, 12, 0, 8, 0]
globals: []
--------------------------------------------------
NEXT : JPZ 19
pc=15  sp=19  fp=16
stack  : [1, 0, 10, 8, 1, 0, 10, 35, 4, 0, 9, 27, 8, 0, 8, 27, 12, 0, 0]
globals: []
--------------------------------------------------
NEXT : POP
pc=19  sp=18  fp=16
stack  : [1, 0, 10, 8, 1, 0, 10, 35, 4, 0, 9, 27, 8, 0, 8, 27, 12, 0]
globals: []
--------------------------------------------------
NEXT : LOADA 0
pc=20  sp=17  fp=16
stack  : [1, 0, 10, 8, 1, 0, 10, 35, 4, 0, 9, 27, 8, 0, 8, 27, 12]
globals: []
--------------------------------------------------
NEXT : LOADA 1
pc=21  sp=18  fp=16
stack  : [1, 0, 10, 8, 1, 0, 10, 35, 4, 0, 9, 27, 8, 0, 8, 27, 12, 8]
globals: []
--------------------------------------------------
NEXT : IMUL
pc=22  sp=19  fp=16
stack  : [1, 0, 10, 8, 1, 0, 10, 35, 4, 0, 9, 27, 8, 0, 8, 27, 12, 8, 0]
globals: []
--------------------------------------------------
NEXT : LOADA 0
pc=23  sp=18  fp=16
stack  : [1, 0, 10, 8, 1, 0, 10, 35, 4, 0, 9, 27, 8, 0, 8, 27, 12, 0]
globals: []
--------------------------------------------------
NEXT : IPUSH 1
pc=24  sp=19  fp=16
stack  : [1, 0, 10, 8, 1, 0, 10, 35, 4, 0, 9, 27, 8, 0, 8, 27, 12, 0, 8]
globals: []
--------------------------------------------------
NEXT : ISUB
pc=25  sp=20  fp=16
stack  : [1, 0, 10, 8, 1, 0, 10, 35, 4, 0, 9, 27, 8, 0, 8, 27, 12, 0, 8, 1]
globals: []
--------------------------------------------------
NEXT : CALL 10
pc=26  sp=19  fp=16
stack  : [1, 0, 10, 8, 1, 0, 10, 35, 4, 0, 9, 27, 8, 0, 8, 27, 12, 0, 7]
globals: []
--------------------------------------------------
NEXT : ALLOC 0
pc=10  sp=21  fp=20
stack  : [1, 0, 10, 8, 1, 0, 10, 35, 4, 0, 9, 27, 8, 0, 8, 27, 12, 0, 7, 27, 16]
globals: []
--------------------------------------------------
NEXT : IPUSH 0
pc=11  sp=21  fp=20
stack  : [1, 0, 10, 8, 1, 0, 10, 35, 4, 0, 9, 27, 8, 0, 8, 27, 12, 0, 7, 27, 16]
globals: []
--------------------------------------------------
NEXT : LOADA 0
pc=12  sp=22  fp=20
stack  : [1, 0, 10, 8, 1, 0, 10, 35, 4, 0, 9, 27, 8, 0, 8, 27, 12, 0, 7, 27, 16, 0]
globals: []
--------------------------------------------------
NEXT : IPUSH 0
pc=13  sp=23  fp=20
stack  : [1, 0, 10, 8, 1, 0, 10, 35, 4, 0, 9, 27, 8, 0, 8, 27, 12, 0, 7, 27, 16, 0, 7]
globals: []
--------------------------------------------------
NEXT : IEQ
pc=14  sp=24  fp=20
stack  : [1, 0, 10, 8, 1, 0, 10, 35, 4, 0, 9, 27, 8, 0, 8, 27, 12, 0, 7, 27, 16, 0, 7, 0]
globals: []
--------------------------------------------------
NEXT : JPZ 19
pc=15  sp=23  fp=20
stack  : [1, 0, 10, 8, 1, 0, 10, 35, 4, 0, 9, 27, 8, 0, 8, 27, 12, 0, 7, 27, 16, 0, 0]
globals: []
--------------------------------------------------
NEXT : POP
pc=19  sp=22  fp=20
stack  : [1, 0, 10, 8, 1, 0, 10, 35, 4, 0, 9, 27, 8, 0, 8, 27, 12, 0, 7, 27, 16, 0]
globals: []
--------------------------------------------------
NEXT : LOADA 0
pc=20  sp=21  fp=20
stack  : [1, 0, 10, 8, 1, 0, 10, 35, 4, 0, 9, 27, 8, 0, 8, 27, 12, 0, 7, 27, 16]
globals: []
--------------------------------------------------
NEXT : LOADA 1
pc=21  sp=22  fp=20
stack  : [1, 0, 10, 8, 1, 0, 10, 35, 4, 0, 9, 27, 8, 0, 8, 27, 12, 0, 7, 27, 16, 7]
globals: []
--------------------------------------------------
NEXT : IMUL
pc=22  sp=23  fp=20
stack  : [1, 0, 10, 8, 1, 0, 10, 35, 4, 0, 9, 27, 8, 0, 8, 27, 12, 0, 7, 27, 16, 7, 0]
globals: []
--------------------------------------------------
NEXT : LOADA 0
pc=23  sp=22  fp=20
stack  : [1, 0, 10, 8, 1, 0, 10, 35, 4, 0, 9, 27, 8, 0, 8, 27, 12, 0, 7, 27, 16, 0]
globals: []
--------------------------------------------------
NEXT : IPUSH 1
pc=24  sp=23  fp=20
stack  : [1, 0, 10, 8, 1, 0, 10, 35, 4, 0, 9, 27, 8, 0, 8, 27, 12, 0, 7, 27, 16, 0, 7]
globals: []
--------------------------------------------------
NEXT : ISUB
pc=25  sp=24  fp=20
stack  : [1, 0, 10, 8, 1, 0, 10, 35, 4, 0, 9, 27, 8, 0, 8, 27, 12, 0, 7, 27, 16, 0, 7, 1]
globals: []
--------------------------------------------------
NEXT : CALL 10
pc=26  sp=23  fp=20
stack  : [1, 0, 10, 8, 1, 0, 10, 35, 4, 0, 9, 27, 8, 0, 8, 27, 12, 0, 7, 27, 16, 0, 6]
globals: []
--------------------------------------------------
NEXT : ALLOC 0
pc=10  sp=25  fp=24
stack  : [1, 0, 10, 8, 1, 0, 10, 35, 4, 0, 9, 27, 8, 0, 8, 27, 12, 0, 7, 27, 16, 0, 6, 27, 20]
globals: []
--------------------------------------------------
NEXT : IPUSH 0
pc=11  sp=25  fp=24
stack  : [1, 0, 10, 8, 1, 0, 10, 35, 4, 0, 9, 27, 8, 0, 8, 27, 12, 0, 7, 27, 16, 0, 6, 27, 20]
globals: []
--------------------------------------------------
NEXT : LOADA 0
pc=12  sp=26  fp=24
stack  : [1, 0, 10, 8, 1, 0, 10, 35, 4, 0, 9, 27, 8, 0, 8, 27, 12, 0, 7, 27, 16, 0, 6, 27, 20, 0]
globals: []
--------------------------------------------------
NEXT : IPUSH 0
pc=13  sp=27  fp=24
stack  : [1, 0, 10, 8, 1, 0, 10, 35, 4, 0, 9, 27, 8, 0, 8, 27, 12, 0, 7, 27, 16, 0, 6, 27, 20, 0, 6]
globals: []
--------------------------------------------------
NEXT : IEQ
pc=14  sp=28  fp=24
stack  : [1, 0, 10, 8, 1, 0, 10, 35, 4, 0, 9, 27, 8, 0, 8, 27, 12, 0, 7, 27, 16, 0, 6, 27, 20, 0, 6, 0]
globals: []
--------------------------------------------------
NEXT : JPZ 19
pc=15  sp=27  fp=24
stack  : [1, 0, 10, 8, 1, 0, 10, 35, 4, 0, 9, 27, 8, 0, 8, 27, 12, 0, 7, 27, 16, 0, 6, 27, 20, 0, 0]
globals: []
--------------------------------------------------
NEXT : POP
pc=19  sp=26  fp=24
stack  : [1, 0, 10, 8, 1, 0, 10, 35, 4, 0, 9, 27, 8, 0, 8, 27, 12, 0, 7, 27, 16, 0, 6, 27, 20, 0]
globals: []
--------------------------------------------------
NEXT : LOADA 0
pc=20  sp=25  fp=24
stack  : [1, 0, 10, 8, 1, 0, 10, 35, 4, 0, 9, 27, 8, 0, 8, 27, 12, 0, 7, 27, 16, 0, 6, 27, 20]
globals: []
--------------------------------------------------
NEXT : LOADA 1
pc=21  sp=26  fp=24
stack  : [1, 0, 10, 8, 1, 0, 10, 35, 4, 0, 9, 27, 8, 0, 8, 27, 12, 0, 7, 27, 16, 0, 6, 27, 20, 6]
globals: []
--------------------------------------------------
NEXT : IMUL
pc=22  sp=27  fp=24
stack  : [1, 0, 10, 8, 1, 0, 10, 35, 4, 0, 9, 27, 8, 0, 8, 27, 12, 0, 7, 27, 16, 0, 6, 27, 20, 6, 0]
globals: []
--------------------------------------------------
NEXT : LOADA 0
pc=23  sp=26  fp=24
stack  : [1, 0, 10, 8, 1, 0, 10, 35, 4, 0, 9, 27, 8, 0, 8, 27, 12, 0, 7, 27, 16, 0, 6, 27, 20, 0]
globals: []
--------------------------------------------------
NEXT : IPUSH 1
pc=24  sp=27  fp=24
stack  : [1, 0, 10, 8, 1, 0, 10, 35, 4, 0, 9, 27, 8, 0, 8, 27, 12, 0, 7, 27, 16, 0, 6, 27, 20, 0, 6]
globals: []
--------------------------------------------------
NEXT : ISUB
pc=25  sp=28  fp=24
stack  : [1, 0, 10, 8, 1, 0, 10, 35, 4, 0, 9, 27, 8, 0, 8, 27, 12, 0, 7, 27, 16, 0, 6, 27, 20, 0, 6, 1]
globals: []
--------------------------------------------------
NEXT : CALL 10
pc=26  sp=27  fp=24
stack  : [1, 0, 10, 8, 1, 0, 10, 35, 4, 0, 9, 27, 8, 0, 8, 27, 12, 0, 7, 27, 16, 0, 6, 27, 20, 0, 5]
globals: []
--------------------------------------------------
NEXT : ALLOC 0
pc=10  sp=29  fp=28
stack  : [1, 0, 10, 8, 1, 0, 10, 35, 4, 0, 9, 27, 8, 0, 8, 27, 12, 0, 7, 27, 16, 0, 6, 27, 20, 0, 5, 27, 24]
globals: []
--------------------------------------------------
NEXT : IPUSH 0
pc=11  sp=29  fp=28
stack  : [1, 0, 10, 8, 1, 0, 10, 35, 4, 0, 9, 27, 8, 0, 8, 27, 12, 0, 7, 27, 16, 0, 6, 27, 20, 0, 5, 27, 24]
globals: []
--------------------------------------------------
NEXT : LOADA 0
pc=12  sp=30  fp=28
stack  : [1, 0, 10, 8, 1, 0, 10, 35, 4, 0, 9, 27, 8, 0, 8, 27, 12, 0, 7, 27, 16, 0, 6, 27, 20, 0, 5, 27, 24, 0]
globals: []
--------------------------------------------------
NEXT : IPUSH 0
pc=13  sp=31  fp=28
stack  : [1, 0, 10, 8, 1, 0, 10, 35, 4, 0, 9, 27, 8, 0, 8, 27, 12, 0, 7, 27, 16, 0, 6, 27, 20, 0, 5, 27, 24, 0, 5]
globals: []
--------------------------------------------------
NEXT : IEQ
pc=14  sp=32  fp=28
stack  : [1, 0, 10, 8, 1, 0, 10, 35, 4, 0, 9, 27, 8, 0, 8, 27, 12, 0, 7, 27, 16, 0, 6, 27, 20, 0, 5, 27, 24, 0, 5, 0]
globals: []
--------------------------------------------------
NEXT : JPZ 19
pc=15  sp=31  fp=28
stack  : [1, 0, 10, 8, 1, 0, 10, 35, 4, 0, 9, 27, 8, 0, 8, 27, 12, 0, 7, 27, 16, 0, 6, 27, 20, 0, 5, 27, 24, 0, 0]
globals: []
--------------------------------------------------
NEXT : POP
pc=19  sp=30  fp=28
stack  : [1, 0, 10, 8, 1, 0, 10, 35, 4, 0, 9, 27, 8, 0, 8, 27, 12, 0, 7, 27, 16, 0, 6, 27, 20, 0, 5, 27, 24, 0]
globals: []
--------------------------------------------------
NEXT : LOADA 0
pc=20  sp=29  fp=28
stack  : [1, 0, 10, 8, 1, 0, 10, 35, 4, 0, 9, 27, 8, 0, 8, 27, 12, 0, 7, 27, 16, 0, 6, 27, 20, 0, 5, 27, 24]
globals: []
--------------------------------------------------
NEXT : LOADA 1
pc=21  sp=30  fp=28
stack  : [1, 0, 10, 8, 1, 0, 10, 35, 4, 0, 9, 27, 8, 0, 8, 27, 12, 0, 7, 27, 16, 0, 6, 27, 20, 0, 5, 27, 24, 5]
globals: []
--------------------------------------------------
NEXT : IMUL
pc=22  sp=31  fp=28
stack  : [1, 0, 10, 8, 1, 0, 10, 35, 4, 0, 9, 27, 8, 0, 8, 27, 12, 0, 7, 27, 16, 0, 6, 27, 20, 0, 5, 27, 24, 5, 0]
globals: []
--------------------------------------------------
NEXT : LOADA 0
pc=23  sp=30  fp=28
stack  : [1, 0, 10, 8, 1, 0, 10, 35, 4, 0, 9, 27, 8, 0, 8, 27, 12, 0, 7, 27, 16, 0, 6, 27, 20, 0, 5, 27, 24, 0]
globals: []
--------------------------------------------------
NEXT : IPUSH 1
pc=24  sp=31  fp=28
stack  : [1, 0, 10, 8, 1, 0, 10, 35, 4, 0, 9, 27, 8, 0, 8, 27, 12, 0, 7, 27, 16, 0, 6, 27, 20, 0, 5, 27, 24, 0, 5]
globals: []
--------------------------------------------------
NEXT : ISUB
pc=25  sp=32  fp=28
stack  : [1, 0, 10, 8, 1, 0, 10, 35, 4, 0, 9, 27, 8, 0, 8, 27, 12, 0, 7, 27, 16, 0, 6, 27, 20, 0, 5, 27, 24, 0, 5, 1]
globals: []
--------------------------------------------------
NEXT : CALL 10
pc=26  sp=31  fp=28
stack  : [1, 0, 10, 8, 1, 0, 10, 35, 4, 0, 9, 27, 8, 0, 8, 27, 12, 0, 7, 27, 16, 0, 6, 27, 20, 0, 5, 27, 24, 0, 4]
globals: []
--------------------------------------------------
NEXT : ALLOC 0
pc=10  sp=33  fp=32
stack  : [1, 0, 10, 8, 1, 0, 10, 35, 4, 0, 9, 27, 8, 0, 8, 27, 12, 0, 7, 27, 16, 0, 6, 27, 20, 0, 5, 27, 24, 0, 4, 27, 28]
globals: []
--------------------------------------------------
NEXT : IPUSH 0
pc=11  sp=33  fp=32
stack  : [1, 0, 10, 8, 1, 0, 10, 35, 4, 0, 9, 27, 8, 0, 8, 27, 12, 0, 7, 27, 16, 0, 6, 27, 20, 0, 5, 27, 24, 0, 4, 27, 28]
globals: []
--------------------------------------------------
NEXT : LOADA 0
pc=12  sp=34  fp=32
stack  : [1, 0, 10, 8, 1, 0, 10, 35, 4, 0, 9, 27, 8, 0, 8, 27, 12, 0, 7, 27, 16, 0, 6, 27, 20, 0, 5, 27, 24, 0, 4, 27, 28, 0]
globals: []
--------------------------------------------------
NEXT : IPUSH 0
pc=13  sp=35  fp=32
stack  : [1, 0, 10, 8, 1, 0, 10, 35, 4, 0, 9, 27, 8, 0, 8, 27, 12, 0, 7, 27, 16, 0, 6, 27, 20, 0, 5, 27, 24, 0, 4, 27, 28, 0, 4]
globals: []
--------------------------------------------------
NEXT : IEQ
pc=14  sp=36  fp=32
stack  : [1, 0, 10, 8, 1, 0, 10, 35, 4, 0, 9, 27, 8, 0, 8, 27, 12, 0, 7, 27, 16, 0, 6, 27, 20, 0, 5, 27, 24, 0, 4, 27, 28, 0, 4, 0]
globals: []
--------------------------------------------------
NEXT : JPZ 19
pc=15  sp=35  fp=32
stack  : [1, 0, 10, 8, 1, 0, 10, 35, 4, 0, 9, 27, 8, 0, 8, 27, 12, 0, 7, 27, 16, 0, 6, 27, 20, 0, 5, 27, 24, 0, 4, 27, 28, 0, 0]
globals: []
--------------------------------------------------
NEXT : POP
pc=19  sp=34  fp=32
stack  : [1, 0, 10, 8, 1, 0, 10, 35, 4, 0, 9, 27, 8, 0, 8, 27, 12, 0, 7, 27, 16, 0, 6, 27, 20, 0, 5, 27, 24, 0, 4, 27, 28, 0]
globals: []
--------------------------------------------------
NEXT : LOADA 0
pc=20  sp=33  fp=32
stack  : [1, 0, 10, 8, 1, 0, 10, 35, 4, 0, 9, 27, 8, 0, 8, 27, 12, 0, 7, 27, 16, 0, 6, 27, 20, 0, 5, 27, 24, 0, 4, 27, 28]
globals: []
--------------------------------------------------
NEXT : LOADA 1
pc=21  sp=34  fp=32
stack  : [1, 0, 10, 8, 1, 0, 10, 35, 4, 0, 9, 27, 8, 0, 8, 27, 12, 0, 7, 27, 16, 0, 6, 27, 20, 0, 5, 27, 24, 0, 4, 27, 28, 4]
globals: []
--------------------------------------------------
NEXT : IMUL
pc=22  sp=35  fp=32
stack  : [1, 0, 10, 8, 1, 0, 10, 35, 4, 0, 9, 27, 8, 0, 8, 27, 12, 0, 7, 27, 16, 0, 6, 27, 20, 0, 5, 27, 24, 0, 4, 27, 28, 4, 0]
globals: []
--------------------------------------------------
NEXT : LOADA 0
pc=23  sp=34  fp=32
stack  : [1, 0, 10, 8, 1, 0, 10, 35, 4, 0, 9, 27, 8, 0, 8, 27, 12, 0, 7, 27, 16, 0, 6, 27, 20, 0, 5, 27, 24, 0, 4, 27, 28, 0]
globals: []
--------------------------------------------------
NEXT : IPUSH 1
pc=24  sp=35  fp=32
stack  : [1, 0, 10, 8, 1, 0, 10, 35, 4, 0, 9, 27, 8, 0, 8, 27, 12, 0, 7, 27, 16, 0, 6, 27, 20, 0, 5, 27, 24, 0, 4, 27, 28, 0, 4]
globals: []
--------------------------------------------------
NEXT : ISUB
pc=25  sp=36  fp=32
stack  : [1, 0, 10, 8, 1, 0, 10, 35, 4, 0, 9, 27, 8, 0, 8, 27, 12, 0, 7, 27, 16, 0, 6, 27, 20, 0, 5, 27, 24, 0, 4, 27, 28, 0, 4, 1]
globals: []
--------------------------------------------------
NEXT : CALL 10
pc=26  sp=35  fp=32
stack  : [1, 0, 10, 8, 1, 0, 10, 35, 4, 0, 9, 27, 8, 0, 8, 27, 12, 0, 7, 27, 16, 0, 6, 27, 20, 0, 5, 27, 24, 0, 4, 27, 28, 0, 3]
globals: []
--------------------------------------------------
NEXT : ALLOC 0
pc=10  sp=37  fp=36
stack  : [1, 0, 10, 8, 1, 0, 10, 35, 4, 0, 9, 27, 8, 0, 8, 27, 12, 0, 7, 27, 16, 0, 6, 27, 20, 0, 5, 27, 24, 0, 4, 27, 28, 0, 3, 27, 32]
globals: []
--------------------------------------------------
NEXT : IPUSH 0
pc=11  sp=37  fp=36
stack  : [1, 0, 10, 8, 1, 0, 10, 35, 4, 0, 9, 27, 8, 0, 8, 27, 12, 0, 7, 27, 16, 0, 6, 27, 20, 0, 5, 27, 24, 0, 4, 27, 28, 0, 3, 27, 32]
globals: []
--------------------------------------------------
NEXT : LOADA 0
pc=12  sp=38  fp=36
stack  : [1, 0, 10, 8, 1, 0, 10, 35, 4, 0, 9, 27, 8, 0, 8, 27, 12, 0, 7, 27, 16, 0, 6, 27, 20, 0, 5, 27, 24, 0, 4, 27, 28, 0, 3, 27, 32, 0]
globals: []
--------------------------------------------------
NEXT : IPUSH 0
pc=13  sp=39  fp=36
stack  : [1, 0, 10, 8, 1, 0, 10, 35, 4, 0, 9, 27, 8, 0, 8, 27, 12, 0, 7, 27, 16, 0, 6, 27, 20, 0, 5, 27, 24, 0, 4, 27, 28, 0, 3, 27, 32, 0, 3]
globals: []
--------------------------------------------------
NEXT : IEQ
pc=14  sp=40  fp=36
stack  : [1, 0, 10, 8, 1, 0, 10, 35, 4, 0, 9, 27, 8, 0, 8, 27, 12, 0, 7, 27, 16, 0, 6, 27, 20, 0, 5, 27, 24, 0, 4, 27, 28, 0, 3, 27, 32, 0, 3, 0]
globals: []
--------------------------------------------------
NEXT : JPZ 19
pc=15  sp=39  fp=36
stack  : [1, 0, 10, 8, 1, 0, 10, 35, 4, 0, 9, 27, 8, 0, 8, 27, 12, 0, 7, 27, 16, 0, 6, 27, 20, 0, 5, 27, 24, 0, 4, 27, 28, 0, 3, 27, 32, 0, 0]
globals: []
--------------------------------------------------
NEXT : POP
pc=19  sp=38  fp=36
stack  : [1, 0, 10, 8, 1, 0, 10, 35, 4, 0, 9, 27, 8, 0, 8, 27, 12, 0, 7, 27, 16, 0, 6, 27, 20, 0, 5, 27, 24, 0, 4, 27, 28, 0, 3, 27, 32, 0]
globals: []
--------------------------------------------------
NEXT : LOADA 0
pc=20  sp=37  fp=36
stack  : [1, 0, 10, 8, 1, 0, 10, 35, 4, 0, 9, 27, 8, 0, 8, 27, 12, 0, 7, 27, 16, 0, 6, 27, 20, 0, 5, 27, 24, 0, 4, 27, 28, 0, 3, 27, 32]
globals: []
--------------------------------------------------
NEXT : LOADA 1
pc=21  sp=38  fp=36
stack  : [1, 0, 10, 8, 1, 0, 10, 35, 4, 0, 9, 27, 8, 0, 8, 27, 12, 0, 7, 27, 16, 0, 6, 27, 20, 0, 5, 27, 24, 0, 4, 27, 28, 0, 3, 27, 32, 3]
globals: []
--------------------------------------------------
NEXT : IMUL
pc=22  sp=39  fp=36
stack  : [1, 0, 10, 8, 1, 0, 10, 35, 4, 0, 9, 27, 8, 0, 8, 27, 12, 0, 7, 27, 16, 0, 6, 27, 20, 0, 5, 27, 24, 0, 4, 27, 28, 0, 3, 27, 32, 3, 0]
globals: []
--------------------------------------------------
NEXT : LOADA 0
pc=23  sp=38  fp=36
stack  : [1, 0, 10, 8, 1, 0, 10, 35, 4, 0, 9, 27, 8, 0, 8, 27, 12, 0, 7, 27, 16, 0, 6, 27, 20, 0, 5, 27, 24, 0, 4, 27, 28, 0, 3, 27, 32, 0]
globals: []
--------------------------------------------------
NEXT : IPUSH 1
pc=24  sp=39  fp=36
stack  : [1, 0, 10, 8, 1, 0, 10, 35, 4, 0, 9, 27, 8, 0, 8, 27, 12, 0, 7, 27, 16, 0, 6, 27, 20, 0, 5, 27, 24, 0, 4, 27, 28, 0, 3, 27, 32, 0, 3]
globals: []
--------------------------------------------------
NEXT : ISUB
pc=25  sp=40  fp=36
stack  : [1, 0, 10, 8, 1, 0, 10, 35, 4, 0, 9, 27, 8, 0, 8, 27, 12, 0, 7, 27, 16, 0, 6, 27, 20, 0, 5, 27, 24, 0, 4, 27, 28, 0, 3, 27, 32, 0, 3, 1]
globals: []
--------------------------------------------------
NEXT : CALL 10
pc=26  sp=39  fp=36
stack  : [1, 0, 10, 8, 1, 0, 10, 35, 4, 0, 9, 27, 8, 0, 8, 27, 12, 0, 7, 27, 16, 0, 6, 27, 20, 0, 5, 27, 24, 0, 4, 27, 28, 0, 3, 27, 32, 0, 2]
globals: []
--------------------------------------------------
NEXT : ALLOC 0
pc=10  sp=41  fp=40
stack  : [1, 0, 10, 8, 1, 0, 10, 35, 4, 0, 9, 27, 8, 0, 8, 27, 12, 0, 7, 27, 16, 0, 6, 27, 20, 0, 5, 27, 24, 0, 4, 27, 28, 0, 3, 27, 32, 0, 2, 27, 36]
globals: []
--------------------------------------------------
NEXT : IPUSH 0
pc=11  sp=41  fp=40
stack  : [1, 0, 10, 8, 1, 0, 10, 35, 4, 0, 9, 27, 8, 0, 8, 27, 12, 0, 7, 27, 16, 0, 6, 27, 20, 0, 5, 27, 24, 0, 4, 27, 28, 0, 3, 27, 32, 0, 2, 27, 36]
globals: []
--------------------------------------------------
NEXT : LOADA 0
pc=12  sp=42  fp=40
stack  : [1, 0, 10, 8, 1, 0, 10, 35, 4, 0, 9, 27, 8, 0, 8, 27, 12, 0, 7, 27, 16, 0, 6, 27, 20, 0, 5, 27, 24, 0, 4, 27, 28, 0, 3, 27, 32, 0, 2, 27, 36, 0]
globals: []
--------------------------------------------------
NEXT : IPUSH 0
pc=13  sp=43  fp=40
stack  : [1, 0, 10, 8, 1, 0, 10, 35, 4, 0, 9, 27, 8, 0, 8, 27, 12, 0, 7, 27, 16, 0, 6, 27, 20, 0, 5, 27, 24, 0, 4, 27, 28, 0, 3, 27, 32, 0, 2, 27, 36, 0, 2]
globals: []
--------------------------------------------------
NEXT : IEQ
pc=14  sp=44  fp=40
stack  : [1, 0, 10, 8, 1, 0, 10, 35, 4, 0, 9, 27, 8, 0, 8, 27, 12, 0, 7, 27, 16, 0, 6, 27, 20, 0, 5, 27, 24, 0, 4, 27, 28, 0, 3, 27, 32, 0, 2, 27, 36, 0, 2, 0]
globals: []
--------------------------------------------------
NEXT : JPZ 19
pc=15  sp=43  fp=40
stack  : [1, 0, 10, 8, 1, 0, 10, 35, 4, 0, 9, 27, 8, 0, 8, 27, 12, 0, 7, 27, 16, 0, 6, 27, 20, 0, 5, 27, 24, 0, 4, 27, 28, 0, 3, 27, 32, 0, 2, 27, 36, 0, 0]
globals: []
--------------------------------------------------
NEXT : POP
pc=19  sp=42  fp=40
stack  : [1, 0, 10, 8, 1, 0, 10, 35, 4, 0, 9, 27, 8, 0, 8, 27, 12, 0, 7, 27, 16, 0, 6, 27, 20, 0, 5, 27, 24, 0, 4, 27, 28, 0, 3, 27, 32, 0, 2, 27, 36, 0]
globals: []
--------------------------------------------------
NEXT : LOADA 0
pc=20  sp=41  fp=40
stack  : [1, 0, 10, 8, 1, 0, 10, 35, 4, 0, 9, 27, 8, 0, 8, 27, 12, 0, 7, 27, 16, 0, 6, 27, 20, 0, 5, 27, 24, 0, 4, 27, 28, 0, 3, 27, 32, 0, 2, 27, 36]
globals: []
--------------------------------------------------
NEXT : LOADA 1
pc=21  sp=42  fp=40
stack  : [1, 0, 10, 8, 1, 0, 10, 35, 4, 0, 9, 27, 8, 0, 8, 27, 12, 0, 7, 27, 16, 0, 6, 27, 20, 0, 5, 27, 24, 0, 4, 27, 28, 0, 3, 27, 32, 0, 2, 27, 36, 2]
globals: []
--------------------------------------------------
NEXT : IMUL
pc=22  sp=43  fp=40
stack  : [1, 0, 10, 8, 1, 0, 10, 35, 4, 0, 9, 27, 8, 0, 8, 27, 12, 0, 7, 27, 16, 0, 6, 27, 20, 0, 5, 27, 24, 0, 4, 27, 28, 0, 3, 27, 32, 0, 2, 27, 36, 2, 0]
globals: []
--------------------------------------------------
NEXT : LOADA 0
pc=23  sp=42  fp=40
stack  : [1, 0, 10, 8, 1, 0, 10, 35, 4, 0, 9, 27, 8, 0, 8, 27, 12, 0, 7, 27, 16, 0, 6, 27, 20, 0, 5, 27, 24, 0, 4, 27, 28, 0, 3, 27, 32, 0, 2, 27, 36, 0]
globals: []
--------------------------------------------------
NEXT : IPUSH 1
pc=24  sp=43  fp=40
stack  : [1, 0, 10, 8, 1, 0, 10, 35, 4, 0, 9, 27, 8, 0, 8, 27, 12, 0, 7, 27, 16, 0, 6, 27, 20, 0, 5, 27, 24, 0, 4, 27, 28, 0, 3, 27, 32, 0, 2, 27, 36, 0, 2]
globals: []
--------------------------------------------------
NEXT : ISUB
pc=25  sp=44  fp=40
stack  : [1, 0, 10, 8, 1, 0, 10, 35, 4, 0, 9, 27, 8, 0, 8, 27, 12, 0, 7, 27, 16, 0, 6, 27, 20, 0, 5, 27, 24, 0, 4, 27, 28, 0, 3, 27, 32, 0, 2, 27, 36, 0, 2, 1]
globals: []
--------------------------------------------------
NEXT : CALL 10
pc=26  sp=43  fp=40
stack  : [1, 0, 10, 8, 1, 0, 10, 35, 4, 0, 9, 27, 8, 0, 8, 27, 12, 0, 7, 27, 16, 0, 6, 27, 20, 0, 5, 27, 24, 0, 4, 27, 28, 0, 3, 27, 32, 0, 2, 27, 36, 0, 1]
globals: []
--------------------------------------------------
NEXT : ALLOC 0
pc=10  sp=45  fp=44
stack  : [1, 0, 10, 8, 1, 0, 10, 35, 4, 0, 9, 27, 8, 0, 8, 27, 12, 0, 7, 27, 16, 0, 6, 27, 20, 0, 5, 27, 24, 0, 4, 27, 28, 0, 3, 27, 32, 0, 2, 27, 36, 0, 1, 27, 40]
globals: []
--------------------------------------------------
NEXT : IPUSH 0
pc=11  sp=45  fp=44
stack  : [1, 0, 10, 8, 1, 0, 10, 35, 4, 0, 9, 27, 8, 0, 8, 27, 12, 0, 7, 27, 16, 0, 6, 27, 20, 0, 5, 27, 24, 0, 4, 27, 28, 0, 3, 27, 32, 0, 2, 27, 36, 0, 1, 27, 40]
globals: []
--------------------------------------------------
NEXT : LOADA 0
pc=12  sp=46  fp=44
stack  : [1, 0, 10, 8, 1, 0, 10, 35, 4, 0, 9, 27, 8, 0, 8, 27, 12, 0, 7, 27, 16, 0, 6, 27, 20, 0, 5, 27, 24, 0, 4, 27, 28, 0, 3, 27, 32, 0, 2, 27, 36, 0, 1, 27, 40, 0]
globals: []
--------------------------------------------------
NEXT : IPUSH 0
pc=13  sp=47  fp=44
stack  : [1, 0, 10, 8, 1, 0, 10, 35, 4, 0, 9, 27, 8, 0, 8, 27, 12, 0, 7, 27, 16, 0, 6, 27, 20, 0, 5, 27, 24, 0, 4, 27, 28, 0, 3, 27, 32, 0, 2, 27, 36, 0, 1, 27, 40, 0, 1]
globals: []
--------------------------------------------------
NEXT : IEQ
pc=14  sp=48  fp=44
stack  : [1, 0, 10, 8, 1, 0, 10, 35, 4, 0, 9, 27, 8, 0, 8, 27, 12, 0, 7, 27, 16, 0, 6, 27, 20, 0, 5, 27, 24, 0, 4, 27, 28, 0, 3, 27, 32, 0, 2, 27, 36, 0, 1, 27, 40, 0, 1, 0]
globals: []
--------------------------------------------------
NEXT : JPZ 19
pc=15  sp=47  fp=44
stack  : [1, 0, 10, 8, 1, 0, 10, 35, 4, 0, 9, 27, 8, 0, 8, 27, 12, 0, 7, 27, 16, 0, 6, 27, 20, 0, 5, 27, 24, 0, 4, 27, 28, 0, 3, 27, 32, 0, 2, 27, 36, 0, 1, 27, 40, 0, 0]
globals: []
--------------------------------------------------
NEXT : POP
pc=19  sp=46  fp=44
stack  : [1, 0, 10, 8, 1, 0, 10, 35, 4, 0, 9, 27, 8, 0, 8, 27, 12, 0, 7, 27, 16, 0, 6, 27, 20, 0, 5, 27, 24, 0, 4, 27, 28, 0, 3, 27, 32, 0, 2, 27, 36, 0, 1, 27, 40, 0]
globals: []
--------------------------------------------------
NEXT : LOADA 0
pc=20  sp=45  fp=44
stack  : [1, 0, 10, 8, 1, 0, 10, 35, 4, 0, 9, 27, 8, 0, 8, 27, 12, 0, 7, 27, 16, 0, 6, 27, 20, 0, 5, 27, 24, 0, 4, 27, 28, 0, 3, 27, 32, 0, 2, 27, 36, 0, 1, 27, 40]
globals: []
--------------------------------------------------
NEXT : LOADA 1
pc=21  sp=46  fp=44
stack  : [1, 0, 10, 8, 1, 0, 10, 35, 4, 0, 9, 27, 8, 0, 8, 27, 12, 0, 7, 27, 16, 0, 6, 27, 20, 0, 5, 27, 24, 0, 4, 27, 28, 0, 3, 27, 32, 0, 2, 27, 36, 0, 1, 27, 40, 1]
globals: []
--------------------------------------------------
NEXT : IMUL
pc=22  sp=47  fp=44
stack  : [1, 0, 10, 8, 1, 0, 10, 35, 4, 0, 9, 27, 8, 0, 8, 27, 12, 0, 7, 27, 16, 0, 6, 27, 20, 0, 5, 27, 24, 0, 4, 27, 28, 0, 3, 27, 32, 0, 2, 27, 36, 0, 1, 27, 40, 1, 0]
globals: []
--------------------------------------------------
NEXT : LOADA 0
pc=23  sp=46  fp=44
stack  : [1, 0, 10, 8, 1, 0, 10, 35, 4, 0, 9, 27, 8, 0, 8, 27, 12, 0, 7, 27, 16, 0, 6, 27, 20, 0, 5, 27, 24, 0, 4, 27, 28, 0, 3, 27, 32, 0, 2, 27, 36, 0, 1, 27, 40, 0]
globals: []
--------------------------------------------------
NEXT : IPUSH 1
pc=24  sp=47  fp=44
stack  : [1, 0, 10, 8, 1, 0, 10, 35, 4, 0, 9, 27, 8, 0, 8, 27, 12, 0, 7, 27, 16, 0, 6, 27, 20, 0, 5, 27, 24, 0, 4, 27, 28, 0, 3, 27, 32, 0, 2, 27, 36, 0, 1, 27, 40, 0, 1]
globals: []
--------------------------------------------------
NEXT : ISUB
pc=25  sp=48  fp=44
stack  : [1, 0, 10, 8, 1, 0, 10, 35, 4, 0, 9, 27, 8, 0, 8, 27, 12, 0, 7, 27, 16, 0, 6, 27, 20, 0, 5, 27, 24, 0, 4, 27, 28, 0, 3, 27, 32, 0, 2, 27, 36, 0, 1, 27, 40, 0, 1, 1]
globals: []
--------------------------------------------------
NEXT : CALL 10
pc=26  sp=47  fp=44
stack  : [1, 0, 10, 8, 1, 0, 10, 35, 4, 0, 9, 27, 8, 0, 8, 27, 12, 0, 7, 27, 16, 0, 6, 27, 20, 0, 5, 27, 24, 0, 4, 27, 28, 0, 3, 27, 32, 0, 2, 27, 36, 0, 1, 27, 40, 0, 0]
globals: []
--------------------------------------------------
NEXT : ALLOC 0
pc=10  sp=49  fp=48
stack  : [1, 0, 10, 8, 1, 0, 10, 35, 4, 0, 9, 27, 8, 0, 8, 27, 12, 0, 7, 27, 16, 0, 6, 27, 20, 0, 5, 27, 24, 0, 4, 27, 28, 0, 3, 27, 32, 0, 2, 27, 36, 0, 1, 27, 40, 0, 0, 27, 44]
globals: []
--------------------------------------------------
NEXT : IPUSH 0
pc=11  sp=49  fp=48
stack  : [1, 0, 10, 8, 1, 0, 10, 35, 4, 0, 9, 27, 8, 0, 8, 27, 12, 0, 7, 27, 16, 0, 6, 27, 20, 0, 5, 27, 24, 0, 4, 27, 28, 0, 3, 27, 32, 0, 2, 27, 36, 0, 1, 27, 40, 0, 0, 27, 44]
globals: []
--------------------------------------------------
NEXT : LOADA 0
pc=12  sp=50  fp=48
stack  : [1, 0, 10, 8, 1, 0, 10, 35, 4, 0, 9, 27, 8, 0, 8, 27, 12, 0, 7, 27, 16, 0, 6, 27, 20, 0, 5, 27, 24, 0, 4, 27, 28, 0, 3, 27, 32, 0, 2, 27, 36, 0, 1, 27, 40, 0, 0, 27, 44, 0]
globals: []
--------------------------------------------------
NEXT : IPUSH 0
pc=13  sp=51  fp=48
stack  : [1, 0, 10, 8, 1, 0, 10, 35, 4, 0, 9, 27, 8, 0, 8, 27, 12, 0, 7, 27, 16, 0, 6, 27, 20, 0, 5, 27, 24, 0, 4, 27, 28, 0, 3, 27, 32, 0, 2, 27, 36, 0, 1, 27, 40, 0, 0, 27, 44, 0, 0]
globals: []
--------------------------------------------------
NEXT : IEQ
pc=14  sp=52  fp=48
stack  : [1, 0, 10, 8, 1, 0, 10, 35, 4, 0, 9, 27, 8, 0, 8, 27, 12, 0, 7, 27, 16, 0, 6, 27, 20, 0, 5, 27, 24, 0, 4, 27, 28, 0, 3, 27, 32, 0, 2, 27, 36, 0, 1, 27, 40, 0, 0, 27, 44, 0, 0, 0]
globals: []
--------------------------------------------------
NEXT : JPZ 19
pc=15  sp=51  fp=48
stack  : [1, 0, 10, 8, 1, 0, 10, 35, 4, 0, 9, 27, 8, 0, 8, 27, 12, 0, 7, 27, 16, 0, 6, 27, 20, 0, 5, 27, 24, 0, 4, 27, 28, 0, 3, 27, 32, 0, 2, 27, 36, 0, 1, 27, 40, 0, 0, 27, 44, 0, 1]
globals: []
--------------------------------------------------
NEXT : POP
pc=16  sp=50  fp=48
stack  : [1, 0, 10, 8, 1, 0, 10, 35, 4, 0, 9, 27, 8, 0, 8, 27, 12, 0, 7, 27, 16, 0, 6, 27, 20, 0, 5, 27, 24, 0, 4, 27, 28, 0, 3, 27, 32, 0, 2, 27, 36, 0, 1, 27, 40, 0, 0, 27, 44, 0]
globals: []
--------------------------------------------------
NEXT : LOADA 1
pc=17  sp=49  fp=48
stack  : [1, 0, 10, 8, 1, 0, 10, 35, 4, 0, 9, 27, 8, 0, 8, 27, 12, 0, 7, 27, 16, 0, 6, 27, 20, 0, 5, 27, 24, 0, 4, 27, 28, 0, 3, 27, 32, 0, 2, 27, 36, 0, 1, 27, 40, 0, 0, 27, 44]
globals: []
--------------------------------------------------
NEXT : RET
pc=18  sp=50  fp=48
stack  : [1, 0, 10, 8, 1, 0, 10, 35, 4, 0, 9, 27, 8, 0, 8, 27, 12, 0, 7, 27, 16, 0, 6, 27, 20, 0, 5, 27, 24, 0, 4, 27, 28, 0, 3, 27, 32, 0, 2, 27, 36, 0, 1, 27, 40, 0, 0, 27, 44, 0]
globals: []
--------------------------------------------------
NEXT : CLEAN 2
pc=27  sp=48  fp=44
stack  : [1, 0, 10, 8, 1, 0, 10, 35, 4, 0, 9, 27, 8, 0, 8, 27, 12, 0, 7, 27, 16, 0, 6, 27, 20, 0, 5, 27, 24, 0, 4, 27, 28, 0, 3, 27, 32, 0, 2, 27, 36, 0, 1, 27, 40, 0, 0, 0]
globals: []
--------------------------------------------------
NEXT : RET
pc=28  sp=46  fp=44
stack  : [1, 0, 10, 8, 1, 0, 10, 35, 4, 0, 9, 27, 8, 0, 8, 27, 12, 0, 7, 27, 16, 0, 6, 27, 20, 0, 5, 27, 24, 0, 4, 27, 28, 0, 3, 27, 32, 0, 2, 27, 36, 0, 1, 27, 40, 0]
globals: []
--------------------------------------------------
NEXT : CLEAN 2
pc=27  sp=44  fp=40
stack  : [1, 0, 10, 8, 1, 0, 10, 35, 4, 0, 9, 27, 8, 0, 8, 27, 12, 0, 7, 27, 16, 0, 6, 27, 20, 0, 5, 27, 24, 0, 4, 27, 28, 0, 3, 27, 32, 0, 2, 27, 36, 0, 1, 0]
globals: []
--------------------------------------------------
NEXT : RET
pc=28  sp=42  fp=40
stack  : [1, 0, 10, 8, 1, 0, 10, 35, 4, 0, 9, 27, 8, 0, 8, 27, 12, 0, 7, 27, 16, 0, 6, 27, 20, 0, 5, 27, 24, 0, 4, 27, 28, 0, 3, 27, 32, 0, 2, 27, 36, 0]
globals: []
--------------------------------------------------
NEXT : CLEAN 2
pc=27  sp=40  fp=36
stack  : [1, 0, 10, 8, 1, 0, 10, 35, 4, 0, 9, 27, 8, 0, 8, 27, 12, 0, 7, 27, 16, 0, 6, 27, 20, 0, 5, 27, 24, 0, 4, 27, 28, 0, 3, 27, 32, 0, 2, 0]
globals: []
--------------------------------------------------
NEXT : RET
pc=28  sp=38  fp=36
stack  : [1, 0, 10, 8, 1, 0, 10, 35, 4, 0, 9, 27, 8, 0, 8, 27, 12, 0, 7, 27, 16, 0, 6, 27, 20, 0, 5, 27, 24, 0, 4, 27, 28, 0, 3, 27, 32, 0]
globals: []
--------------------------------------------------
NEXT : CLEAN 2
pc=27  sp=36  fp=32
stack  : [1, 0, 10, 8, 1, 0, 10, 35, 4, 0, 9, 27, 8, 0, 8, 27, 12, 0, 7, 27, 16, 0, 6, 27, 20, 0, 5, 27, 24, 0, 4, 27, 28, 0, 3, 0]
globals: []
--------------------------------------------------
NEXT : RET
pc=28  sp=34  fp=32
stack  : [1, 0, 10, 8, 1, 0, 10, 35, 4, 0, 9, 27, 8, 0, 8, 27, 12, 0, 7, 27, 16, 0, 6, 27, 20, 0, 5, 27, 24, 0, 4, 27, 28, 0]
globals: []
--------------------------------------------------
NEXT : CLEAN 2
pc=27  sp=32  fp=28
stack  : [1, 0, 10, 8, 1, 0, 10, 35, 4, 0, 9, 27, 8, 0, 8, 27, 12, 0, 7, 27, 16, 0, 6, 27, 20, 0, 5, 27, 24, 0, 4, 0]
globals: []
--------------------------------------------------
NEXT : RET
pc=28  sp=30  fp=28
stack  : [1, 0, 10, 8, 1, 0, 10, 35, 4, 0, 9, 27, 8, 0, 8, 27, 12, 0, 7, 27, 16, 0, 6, 27, 20, 0, 5, 27, 24, 0]
globals: []
--------------------------------------------------
NEXT : CLEAN 2
pc=27  sp=28  fp=24
stack  : [1, 0, 10, 8, 1, 0, 10, 35, 4, 0, 9, 27, 8, 0, 8, 27, 12, 0, 7, 27, 16, 0, 6, 27, 20, 0, 5, 0]
globals: []
--------------------------------------------------
NEXT : RET
pc=28  sp=26  fp=24
stack  : [1, 0, 10, 8, 1, 0, 10, 35, 4, 0, 9, 27, 8, 0, 8, 27, 12, 0, 7, 27, 16, 0, 6, 27, 20, 0]
globals: []
--------------------------------------------------
NEXT : CLEAN 2
pc=27  sp=24  fp=20
stack  : [1, 0, 10, 8, 1, 0, 10, 35, 4, 0, 9, 27, 8, 0, 8, 27, 12, 0, 7, 27, 16, 0, 6, 0]
globals: []
--------------------------------------------------
NEXT : RET
pc=28  sp=22  fp=20
stack  : [1, 0, 10, 8, 1, 0, 10, 35, 4, 0, 9, 27, 8, 0, 8, 27, 12, 0, 7, 27, 16, 0]
globals: []
--------------------------------------------------
NEXT : CLEAN 2
pc=27  sp=20  fp=16
stack  : [1, 0, 10, 8, 1, 0, 10, 35, 4, 0, 9, 27, 8, 0, 8, 27, 12, 0, 7, 0]
globals: []
--------------------------------------------------
NEXT : RET
pc=28  sp=18  fp=16
stack  : [1, 0, 10, 8, 1, 0, 10, 35, 4, 0, 9, 27, 8, 0, 8, 27, 12, 0]
globals: []
--------------------------------------------------
NEXT : CLEAN 2
pc=27  sp=16  fp=12
stack  : [1, 0, 10, 8, 1, 0, 10, 35, 4, 0, 9, 27, 8, 0, 8, 0]
globals: []
--------------------------------------------------
NEXT : RET
pc=28  sp=14  fp=12
stack  : [1, 0, 10, 8, 1, 0, 10, 35, 4, 0, 9, 27, 8, 0]
globals: []
--------------------------------------------------
NEXT : CLEAN 2
pc=27  sp=12  fp=8
stack  : [1, 0, 10, 8, 1, 0, 10, 35, 4, 0, 9, 0]
globals: []
--------------------------------------------------
NEXT : RET
pc=28  sp=10  fp=8
stack  : [1, 0, 10, 8, 1, 0, 10, 35, 4, 0]
globals: []
--------------------------------------------------
NEXT : CLEAN 2
pc=35  sp=8  fp=4
stack  : [1, 0, 10, 8, 1, 0, 10, 0]
globals: []
--------------------------------------------------
NEXT : RET
pc=36  sp=6  fp=4
stack  : [1, 0, 10, 8, 1, 0]
globals: []
--------------------------------------------------
NEXT : CLEAN 1
pc=8  sp=4  fp=1
stack  : [1, 0, 10, 0]
globals: []
--------------------------------------------------
NEXT : RET
pc=9  sp=3  fp=1
stack  : [1, 0, 0]
globals: []
--------------------------------------------------
NEXT : CLEAN 0
pc=1  sp=1  fp=0
stack  : [0]
globals: []
--------------------------------------------------
NEXT : HALT
pc=2  sp=1  fp=0
stack  : [0]
globals: []
==================================================
HALT
result = 0
pc=2  sp=1  fp=0
stack  : [0]
globals: []
==================================================
result = 0
