--------------------------------------------------
NEXT : CALL 3
pc=0  sp=0  fp=0
stack  : []
globals: []
--------------------------------------------------
NEXT : ALLOC 0
pc=3  sp=2  fp=1
stack  : [1, 0]
globals: []
--------------------------------------------------
NEXT : IPUSH 0
pc=4  sp=2  fp=1
stack  : [1, 0]
globals: []
--------------------------------------------------
NEXT : POP
pc=5  sp=3  fp=1
stack  : [1, 0, 0]
globals: []
--------------------------------------------------
NEXT : IPUSH 10
pc=6  sp=2  fp=1
stack  : [1, 0]
globals: []
--------------------------------------------------
NEXT : CALL 29
pc=7  sp=3  fp=1
stack  : [1, 0, 10]
globals: []
--------------------------------------------------
NEXT : ALLOC 0
pc=29  sp=5  fp=4
stack  : [1, 0, 10, 8, 1]
globals: []
--------------------------------------------------
NEXT : IPUSH 0
pc=30  sp=5  fp=4
stack  : [1, 0, 10, 8, 1]
globals: []
--------------------------------------------------
NEXT : POP
pc=31  sp=6  fp=4
stack  : [1, 0, 10, 8, 1, 0]
globals: []
--------------------------------------------------
NEXT : IPUSH 0
pc=32  sp=5  fp=4
stack  : [1, 0, 10, 8, 1]
globals: []
--------------------------------------------------
NEXT : LOADA 0
pc=33  sp=6  fp=4
stack  : [1, 0, 10, 8, 1, 0]
globals: []
--------------------------------------------------
NEXT : CALL 10
pc=34  sp=7  fp=4
stack  : [1, 0, 10, 8, 1, 0, 10]
globals: []
--------------------------------------------------
NEXT : ALLOC 0
pc=10  sp=9  fp=8
stack  : [1, 0, 10, 8, 1, 0, 10, 35, 4]
globals: []
--------------------------------------------------
NEXT : IPUSH 0
pc=11  sp=9  fp=8
stack  : [1, 0, 10, 8, 1, 0, 10, 35, 4]
globals: []
--------------------------------------------------
NEXT : LOADA 0
pc=12  sp=10  fp=8
stack  : [1, 0, 10, 8, 1, 0, 10, 35, 4, 0]
globals: []
--------------------------------------------------
NEXT : IPUSH 0
pc=13  sp=11  fp=8
stack  : [1, 0, 10, 8, 1, 0, 10, 35, 4, 0, 10]
globals: []
--------------------------------------------------
NEXT : IEQ
pc=14  sp=12  fp=8
stack  : [1, 0, 10, 8, 1, 0, 10, 35, 4, 0, 10, 0]
globals: []
--------------------------------------------------
NEXT : JPZ 19
pc=15  sp=11  fp=8
stack  : [1, 0, 10, 8, 1, 0, 10, 35, 4, 0, 0]
globals: []
--------------------------------------------------
NEXT : POP
pc=19  sp=10  fp=8
stack  : [1, 0, 10, 8, 1, 0, 10, 35, 4, 0]
globals: []
--------------------------------------------------
NEXT : LOADA 0
pc=20  sp=9  fp=8
stack  : [1, 0, 10, 8, 1, 0, 10, 35, 4]
globals: []
--------------------------------------------------
NEXT : LOADA 1
pc=21  sp=10  fp=8
stack  : [1, 0, 10, 8, 1, 0, 10, 35, 4, 10]
globals: []
--------------------------------------------------
NEXT : IMUL
pc=22  sp=11  fp=8
stack  : [1, 0, 10, 8, 1, 0, 10, 35, 4, 10, 0]
globals: []
--------------------------------------------------
NEXT : LOADA 0
pc=23  sp=10  fp=8
stack  : [1, 0, 10, 8, 1, 0, 10, 35, 4, 0]
globals: []
--------------------------------------------------
NEXT : IPUSH 1
pc=24  sp=11  fp=8
stack  : [1, 0, 10, 8, 1, 0, 10, 35, 4, 0, 10]
globals: []
--------------------------------------------------
NEXT : ISUB
pc=25  sp=12  fp=8
stack  : [1, 0, 10, 8, 1, 0, 10, 35, 4, 0, 10, 1]
globals: []
--------------------------------------------------
NEXT : STOREA 0
pc=26  sp=11  fp=8
stack  : [1, 0, 10, 8, 1, 0, 10, 35, 4, 0, 9]
globals: []
--------------------------------------------------
NEXT : STOREA 1
pc=27  sp=10  fp=8
stack  : [1, 0, 10, 8, 1, 0, 9, 35, 4, 0]
globals: []
--------------------------------------------------
NEXT : JMP 11
pc=28  sp=9  fp=8
stack  : [1, 0, 10, 8, 1, 0, 9, 35, 4]
globals: []
--------------------------------------------------
NEXT : IPUSH 0
pc=11  sp=9  fp=8
stack  : [1, 0, 10, 8, 1, 0, 9, 35, 4]
globals: []
--------------------------------------------------
NEXT : LOADA 0
pc=12  sp=10  fp=8
stack  : [1, 0, 10, 8, 1, 0, 9, 35, 4, 0]
globals: []
--------------------------------------------------
NEXT : IPUSH 0
pc=13  sp=11  fp=8
stack  : [1, 0, 10, 8, 1, 0, 9, 35, 4, 0, 9]
globals: []
--------------------------------------------------
NEXT : IEQ
pc=14  sp=12  fp=8
stack  : [1, 0, 10, 8, 1, 0, 9, 35, 4, 0, 9, 0]
globals: []
--------------------------------------------------
NEXT : JPZ 19
pc=15  sp=11  fp=8
stack  : [1, 0, 10, 8, 1, 0, 9, 35, 4, 0, 0]
globals: []
--------------------------------------------------
NEXT : POP
pc=19  sp=10  fp=8
stack  : [1, 0, 10, 8, 1, 0, 9, 35, 4, 0]
globals: []
--------------------------------------------------
NEXT : LOADA 0
pc=20  sp=9  fp=8
stack  : [1, 0, 10, 8, 1, 0, 9, 35, 4]
globals: []
--------------------------------------------------
NEXT : LOADA 1
pc=21  sp=10  fp=8
stack  : [1, 0, 10, 8, 1, 0, 9, 35, 4, 9]
globals: []
--------------------------------------------------
NEXT : IMUL
pc=22  sp=11  fp=8
stack  : [1, 0, 10, 8, 1, 0, 9, 35, 4, 9, 0]
globals: []
--------------------------------------------------
NEXT : LOADA 0
pc=23  sp=10  fp=8
stack  : [1, 0, 10, 8, 1, 0, 9, 35, 4, 0]
globals: []
--------------------------------------------------
NEXT : IPUSH 1
pc=24  sp=11  fp=8
stack  : [1, 0, 10, 8, 1, 0, 9, 35, 4, 0, 9]
globals: []
--------------------------------------------------
NEXT : ISUB
pc=25  sp=12  fp=8
stack  : [1, 0, 10, 8, 1, 0, 9, 35, 4, 0, 9, 1]
globals: []
--------------------------------------------------
NEXT : STOREA 0
pc=26  sp=11  fp=8
stack  : [1, 0, 10, 8, 1, 0, 9, 35, 4, 0, 8]
globals: []
--------------------------------------------------
NEXT : STOREA 1
pc=27  sp=10  fp=8
stack  : [1, 0, 10, 8, 1, 0, 8, 35, 4, 0]
globals: []
--------------------------------------------------
NEXT : JMP 11
pc=28  sp=9  fp=8
stack  : [1, 0, 10, 8, 1, 0, 8, 35, 4]
globals: []
--------------------------------------------------
NEXT : IPUSH 0
pc=11  sp=9  fp=8
stack  : [1, 0, 10, 8, 1, 0, 8, 35, 4]
globals: []
--------------------------------------------------
NEXT : LOADA 0
pc=12  sp=10  fp=8
stack  : [1, 0, 10, 8, 1, 0, 8, 35, 4, 0]
globals: []
--------------------------------------------------
NEXT : IPUSH 0
pc=13  sp=11  fp=8
stack  : [1, 0, 10, 8, 1, 0, 8, 35, 4, 0, 8]
globals: []
--------------------------------------------------
NEXT : IEQ
pc=14  sp=12  fp=8
stack  : [1, 0, 10, 8, 1, 0, 8, 35, 4, 0, 8, 0]
globals: []
--------------------------------------------------
NEXT : JPZ 19
pc=15  sp=11  fp=8
stack  : [1, 0, 10, 8, 1, 0, 8, 35, 4, 0, 0]
globals: []
--------------------------------------------------
NEXT : POP
pc=19  sp=10  fp=8
stack  : [1, 0, 10, 8, 1, 0, 8, 35, 4, 0]
globals: []
--------------------------------------------------
NEXT : LOADA 0
pc=20  sp=9  fp=8
stack  : [1, 0, 10, 8, 1, 0, 8, 35, 4]
globals: []
--------------------------------------------------
NEXT : LOADA 1
pc=21  sp=10  fp=8
stack  : [1, 0, 10, 8, 1, 0, 8, 35, 4, 8]
globals: []
--------------------------------------------------
NEXT : IMUL
pc=22  sp=11  fp=8
stack  : [1, 0, 10, 8, 1, 0, 8, 35, 4, 8, 0]
globals: []
--------------------------------------------------
NEXT : LOADA 0
pc=23  sp=10  fp=8
stack  : [1, 0, 10, 8, 1, 0, 8, 35, 4, 0]
globals: []
--------------------------------------------------
NEXT : IPUSH 1
pc=24  sp=11  fp=8
stack  : [1, 0, 10, 8, 1, 0, 8, 35, 4, 0, 8]
globals: []
--------------------------------------------------
NEXT : ISUB
pc=25  sp=12  fp=8
stack  : [1, 0, 10, 8, 1, 0, 8, 35, 4, 0, 8, 1]
globals: []
--------------------------------------------------
NEXT : STOREA 0
pc=26  sp=11  fp=8
stack  : [1, 0, 10, 8, 1, 0, 8, 35, 4, 0, 7]
globals: []
--------------------------------------------------
NEXT : STOREA 1
pc=27  sp=10  fp=8
stack  : [1, 0, 10, 8, 1, 0, 7, 35, 4, 0]
globals: []
--------------------------------------------------
NEXT : JMP 11
pc=28  sp=9  fp=8
stack  : [1, 0, 10, 8, 1, 0, 7, 35, 4]
globals: []
--------------------------------------------------
NEXT : IPUSH 0
pc=11  sp=9  fp=8
stack  : [1, 0, 10, 8, 1, 0, 7, 35, 4]
globals: []
--------------------------------------------------
NEXT : LOADA 0
pc=12  sp=10  fp=8
stack  : [1, 0, 10, 8, 1, 0, 7, 35, 4, 0]
globals: []
--------------------------------------------------
NEXT : IPUSH 0
pc=13  sp=11  fp=8
stack  : [1, 0, 10, 8, 1, 0, 7, 35, 4, 0, 7]
globals: []
--------------------------------------------------
NEXT : IEQ
pc=14  sp=12  fp=8
stack  : [1, 0, 10, 8, 1, 0, 7, 35, 4, 0, 7, 0]
globals: []
--------------------------------------------------
NEXT : JPZ 19
pc=15  sp=11  fp=8
stack  : [1, 0, 10, 8, 1, 0, 7, 35, 4, 0, 0]
globals: []
--------------------------------------------------
NEXT : POP
pc=19  sp=10  fp=8
stack  : [1, 0, 10, 8, 1, 0, 7, 35, 4, 0]
globals: []
--------------------------------------------------
NEXT : LOADA 0
pc=20  sp=9  fp=8
stack  : [1, 0, 10, 8, 1, 0, 7, 35, 4]
globals: []
--------------------------------------------------
NEXT : LOADA 1
pc=21  sp=10  fp=8
stack  : [1, 0, 10, 8, 1, 0, 7, 35, 4, 7]
globals: []
--------------------------------------------------
NEXT : IMUL
pc=22  sp=11  fp=8
stack  : [1, 0, 10, 8, 1, 0, 7, 35, 4, 7, 0]
globals: []
--------------------------------------------------
NEXT : LOADA 0
pc=23  sp=10  fp=8
stack  : [1, 0, 10, 8, 1, 0, 7, 35, 4, 0]
globals: []
--------------------------------------------------
NEXT : IPUSH 1
pc=24  sp=11  fp=8
stack  : [1, 0, 10, 8, 1, 0, 7, 35, 4, 0, 7]
globals: []
--------------------------------------------------
NEXT : ISUB
pc=25  sp=12  fp=8
stack  : [1, 0, 10, 8, 1, 0, 7, 35, 4, 0, 7, 1]
globals: []
--------------------------------------------------
NEXT : STOREA 0
pc=26  sp=11  fp=8
stack  : [1, 0, 10, 8, 1, 0, 7, 35, 4, 0, 6]
globals: []
--------------------------------------------------
NEXT : STOREA 1
pc=27  sp=10  fp=8
stack  : [1, 0, 10, 8, 1, 0, 6, 35, 4, 0]
globals: []
--------------------------------------------------
NEXT : JMP 11
pc=28  sp=9  fp=8
stack  : [1, 0, 10, 8, 1, 0, 6, 35, 4]
globals: []
--------------------------------------------------
NEXT : IPUSH 0
pc=11  sp=9  fp=8
stack  : [1, 0, 10, 8, 1, 0, 6, 35, 4]
globals: []
--------------------------------------------------
NEXT : LOADA 0
pc=12  sp=10  fp=8
stack  : [1, 0, 10, 8, 1, 0, 6, 35, 4, 0]
globals: []
--------------------------------------------------
NEXT : IPUSH 0
pc=13  sp=11  fp=8
stack  : [1, 0, 10, 8, 1, 0, 6, 35, 4, 0, 6]
globals: []
--------------------------------------------------
NEXT : IEQ
pc=14  sp=12  fp=8
stack  : [1, 0, 10, 8, 1, 0, 6, 35, 4, 0, 6, 0]
globals: []
--------------------------------------------------
NEXT : JPZ 19
pc=15  sp=11  fp=8
stack  : [1, 0, 10, 8, 1, 0, 6, 35, 4, 0, 0]
globals: []
--------------------------------------------------
NEXT : POP
pc=19  sp=10  fp=8
stack  : [1, 0, 10, 8, 1, 0, 6, 35, 4, 0]
globals: []
--------------------------------------------------
NEXT : LOADA 0
pc=20  sp=9  fp=8
stack  : [1, 0, 10, 8, 1, 0, 6, 35, 4]
globals: []
--------------------------------------------------
NEXT : LOADA 1
pc=21  sp=10  fp=8
stack  : [1, 0, 10, 8, 1, 0, 6, 35, 4, 6]
globals: []
--------------------------------------------------
NEXT : IMUL
pc=22  sp=11  fp=8
stack  : [1, 0, 10, 8, 1, 0, 6, 35, 4, 6, 0]
globals: []
--------------------------------------------------
NEXT : LOADA 0
pc=23  sp=10  fp=8
stack  : [1, 0, 10, 8, 1, 0, 6, 35, 4, 0]
globals: []
--------------------------------------------------
NEXT : IPUSH 1
pc=24  sp=11  fp=8
stack  : [1, 0, 10, 8, 1, 0, 6, 35, 4, 0, 6]
globals: []
--------------------------------------------------
NEXT : ISUB
pc=25  sp=12  fp=8
stack  : [1, 0, 10, 8, 1, 0, 6, 35, 4, 0, 6, 1]
globals: []
--------------------------------------------------
NEXT : STOREA 0
pc=26  sp=11  fp=8
stack  : [1, 0, 10, 8, 1, 0, 6, 35, 4, 0, 5]
globals: []
--------------------------------------------------
NEXT : STOREA 1
pc=27  sp=10  fp=8
stack  : [1, 0, 10, 8, 1, 0, 5, 35, 4, 0]
globals: []
--------------------------------------------------
NEXT : JMP 11
pc=28  sp=9  fp=8
stack  : [1, 0, 10, 8, 1, 0, 5, 35, 4]
globals: []
--------------------------------------------------
NEXT : IPUSH 0
pc=11  sp=9  fp=8
stack  : [1, 0, 10, 8, 1, 0, 5, 35, 4]
globals: []
--------------------------------------------------
NEXT : LOADA 0
pc=12  sp=10  fp=8
stack  : [1, 0, 10, 8, 1, 0, 5, 35, 4, 0]
globals: []
--------------------------------------------------
NEXT : IPUSH 0
pc=13  sp=11  fp=8
stack  : [1, 0, 10, 8, 1, 0, 5, 35, 4, 0, 5]
globals: []
--------------------------------------------------
NEXT : IEQ
pc=14  sp=12  fp=8
stack  : [1, 0, 10, 8, 1, 0, 5, 35, 4, 0, 5, 0]
globals: []
--------------------------------------------------
NEXT : JPZ 19
pc=15  sp=11  fp=8
stack  : [1, 0, 10, 8, 1, 0, 5, 35, 4, 0, 0]
globals: []
--------------------------------------------------
NEXT : POP
pc=19  sp=10  fp=8
stack  : [1, 0, 10, 8, 1, 0, 5, 35, 4, 0]
globals: []
--------------------------------------------------
NEXT : LOADA 0
pc=20  sp=9  fp=8
stack  : [1, 0, 10, 8, 1, 0, 5, 35, 4]
globals: []
--------------------------------------------------
NEXT : LOADA 1
pc=21  sp=10  fp=8
stack  : [1, 0, 10, 8, 1, 0, 5, 35, 4, 5]
globals: []
--------------------------------------------------
NEXT : IMUL
pc=22  sp=11  fp=8
stack  : [1, 0, 10, 8, 1, 0, 5, 35, 4, 5, 0]
globals: []
--------------------------------------------------
NEXT : LOADA 0
pc=23  sp=10  fp=8
stack  : [1, 0, 10, 8, 1, 0, 5, 35, 4, 0]
globals: []
--------------------------------------------------
NEXT : IPUSH 1
pc=24  sp=11  fp=8
stack  : [1, 0, 10, 8, 1, 0, 5, 35, 4, 0, 5]
globals: []
--------------------------------------------------
NEXT : ISUB
pc=25  sp=12  fp=8
stack  : [1, 0, 10, 8, 1, 0, 5, 35, 4, 0, 5, 1]
globals: []
--------------------------------------------------
NEXT : STOREA 0
pc=26  sp=11  fp=8
stack  : [1, 0, 10, 8, 1, 0, 5, 35, 4, 0, 4]
globals: []
--------------------------------------------------
NEXT : STOREA 1
pc=27  sp=10  fp=8
stack  : [1, 0, 10, 8, 1, 0, 4, 35, 4, 0]
globals: []
--------------------------------------------------
NEXT : JMP 11
pc=28  sp=9  fp=8
stack  : [1, 0, 10, 8, 1, 0, 4, 35, 4]
globals: []
--------------------------------------------------
NEXT : IPUSH 0
pc=11  sp=9  fp=8
stack  : [1, 0, 10, 8, 1, 0, 4, 35, 4]
globals: []
--------------------------------------------------
NEXT : LOADA 0
pc=12  sp=10  fp=8
stack  : [1, 0, 10, 8, 1, 0, 4, 35, 4, 0]
globals: []
--------------------------------------------------
NEXT : IPUSH 0
pc=13  sp=11  fp=8
stack  : [1, 0, 10, 8, 1, 0, 4, 35, 4, 0, 4]
globals: []
--------------------------------------------------
NEXT : IEQ
pc=14  sp=12  fp=8
stack  : [1, 0, 10, 8, 1, 0, 4, 35, 4, 0, 4, 0]
globals: []
--------------------------------------------------
NEXT : JPZ 19
pc=15  sp=11  fp=8
stack  : [1, 0, 10, 8, 1, 0, 4, 35, 4, 0, 0]
globals: []
--------------------------------------------------
NEXT : POP
pc=19  sp=10  fp=8
stack  : [1, 0, 10, 8, 1, 0, 4, 35, 4, 0]
globals: []
--------------------------------------------------
NEXT : LOADA 0
pc=20  sp=9  fp=8
stack  : [1, 0, 10, 8, 1, 0, 4, 35, 4]
globals: []
--------------------------------------------------
NEXT : LOADA 1
pc=21  sp=10  fp=8
stack  : [1, 0, 10, 8, 1, 0, 4, 35, 4, 4]
globals: []
--------------------------------------------------
NEXT : IMUL
pc=22  sp=11  fp=8
stack  : [1, 0, 10, 8, 1, 0, 4, 35, 4, 4, 0]
globals: []
--------------------------------------------------
NEXT : LOADA 0
pc=23  sp=10  fp=8
stack  : [1, 0, 10, 8, 1, 0, 4, 35, 4, 0]
globals: []
--------------------------------------------------
NEXT : IPUSH 1
pc=24  sp=11  fp=8
stack  : [1, 0, 10, 8, 1, 0, 4, 35, 4, 0, 4]
globals: []
--------------------------------------------------
NEXT : ISUB
pc=25  sp=12  fp=8
stack  : [1, 0, 10, 8, 1, 0, 4, 35, 4, 0, 4, 1]
globals: []
--------------------------------------------------
NEXT : STOREA 0
pc=26  sp=11  fp=8
stack  : [1, 0, 10, 8, 1, 0, 4, 35, 4, 0, 3]
globals: []
--------------------------------------------------
NEXT : STOREA 1
pc=27  sp=10  fp=8
stack  : [1, 0, 10, 8, 1, 0, 3, 35, 4, 0]
globals: []
--------------------------------------------------
NEXT : JMP 11
pc=28  sp=9  fp=8
stack  : [1, 0, 10, 8, 1, 0, 3, 35, 4]
globals: []
--------------------------------------------------
NEXT : IPUSH 0
pc=11  sp=9  fp=8
stack  : [1, 0, 10, 8, 1, 0, 3, 35, 4]
globals: []
--------------------------------------------------
NEXT : LOADA 0
pc=12  sp=10  fp=8
stack  : [1, 0, 10, 8, 1, 0, 3, 35, 4, 0]
globals: []
--------------------------------------------------
NEXT : IPUSH 0
pc=13  sp=11  fp=8
stack  : [1, 0, 10, 8, 1, 0, 3, 35, 4, 0, 3]
globals: []
--------------------------------------------------
NEXT : IEQ
pc=14  sp=12  fp=8
stack  : [1, 0, 10, 8, 1, 0, 3, 35, 4, 0, 3, 0]
globals: []
--------------------------------------------------
NEXT : JPZ 19
pc=15  sp=11  fp=8
stack  : [1, 0, 10, 8, 1, 0, 3, 35, 4, 0, 0]
globals: []
--------------------------------------------------
NEXT : POP
pc=19  sp=10  fp=8
stack  : [1, 0, 10, 8, 1, 0, 3, 35, 4, 0]
globals: []
--------------------------------------------------
NEXT : LOADA 0
pc=20  sp=9  fp=8
stack  : [1, 0, 10, 8, 1, 0, 3, 35, 4]
globals: []
--------------------------------------------------
NEXT : LOADA 1
pc=21  sp=10  fp=8
stack  : [1, 0, 10, 8, 1, 0, 3, 35, 4, 3]
globals: []
--------------------------------------------------
NEXT : IMUL
pc=22  sp=11  fp=8
stack  : [1, 0, 10, 8, 1, 0, 3, 35, 4, 3, 0]
globals: []
--------------------------------------------------
NEXT : LOADA 0
pc=23  sp=10  fp=8
stack  : [1, 0, 10, 8, 1, 0, 3, 35, 4, 0]
globals: []
--------------------------------------------------
NEXT : IPUSH 1
pc=24  sp=11  fp=8
stack  : [1, 0, 10, 8, 1, 0, 3, 35, 4, 0, 3]
globals: []
--------------------------------------------------
NEXT : ISUB
pc=25  sp=12  fp=8
stack  : [1, 0, 10, 8, 1, 0, 3, 35, 4, 0, 3, 1]
globals: []
--------------------------------------------------
NEXT : STOREA 0
pc=26  sp=11  fp=8
stack  : [1, 0, 10, 8, 1, 0, 3, 35, 4, 0, 2]
globals: []
--------------------------------------------------
NEXT : STOREA 1
pc=27  sp=10  fp=8
stack  : [1, 0, 10, 8, 1, 0, 2, 35, 4, 0]
globals: []
--------------------------------------------------
NEXT : JMP 11
pc=28  sp=9  fp=8
stack  : [1, 0, 10, 8, 1, 0, 2, 35, 4]
globals: []
--------------------------------------------------
NEXT : IPUSH 0
pc=11  sp=9  fp=8
stack  : [1, 0, 10, 8, 1, 0, 2, 35, 4]
globals: []
--------------------------------------------------
NEXT : LOADA 0
pc=12  sp=10  fp=8
stack  : [1, 0, 10, 8, 1, 0, 2, 35, 4, 0]
globals: []
--------------------------------------------------
NEXT : IPUSH 0
pc=13  sp=11  fp=8
stack  : [1, 0, 10, 8, 1, 0, 2, 35, 4, 0, 2]
globals: []
--------------------------------------------------
NEXT : IEQ
pc=14  sp=12  fp=8
stack  : [1, 0, 10, 8, 1, 0, 2, 35, 4, 0, 2, 0]
globals: []
--------------------------------------------------
NEXT : JPZ 19
pc=15  sp=11  fp=8
stack  : [1, 0, 10, 8, 1, 0, 2, 35, 4, 0, 0]
globals: []
--------------------------------------------------
NEXT : POP
pc=19  sp=10  fp=8
stack  : [1, 0, 10, 8, 1, 0, 2, 35, 4, 0]
globals: []
--------------------------------------------------
NEXT : LOADA 0
pc=20  sp=9  fp=8
stack  : [1, 0, 10, 8, 1, 0, 2, 35, 4]
globals: []
--------------------------------------------------
NEXT : LOADA 1
pc=21  sp=10  fp=8
stack  : [1, 0, 10, 8, 1, 0, 2, 35, 4, 2]
globals: []
--------------------------------------------------
NEXT : IMUL
pc=22  sp=11  fp=8
stack  : [1, 0, 10, 8, 1, 0, 2, 35, 4, 2, 0]
globals: []
--------------------------------------------------
NEXT : LOADA 0
pc=23  sp=10  fp=8
stack  : [1, 0, 10, 8, 1, 0, 2, 35, 4, 0]
globals: []
--------------------------------------------------
NEXT : IPUSH 1
pc=24  sp=11  fp=8
stack  : [1, 0, 10, 8, 1, 0, 2, 35, 4, 0, 2]
globals: []
--------------------------------------------------
NEXT : ISUB
pc=25  sp=12  fp=8
stack  : [1, 0, 10, 8, 1, 0, 2, 35, 4, 0, 2, 1]
globals: []
--------------------------------------------------
NEXT : STOREA 0
pc=26  sp=11  fp=8
stack  : [1, 0, 10, 8, 1, 0, 2, 35, 4, 0, 1]
globals: []
--------------------------------------------------
NEXT : STOREA 1
pc=27  sp=10  fp=8
stack  : [1, 0, 10, 8, 1, 0, 1, 35, 4, 0]
globals: []
--------------------------------------------------
NEXT : JMP 11
pc=28  sp=9  fp=8
stack  : [1, 0, 10, 8, 1, 0, 1, 35, 4]
globals: []
--------------------------------------------------
NEXT : IPUSH 0
pc=11  sp=9  fp=8
stack  : [1, 0, 10, 8, 1, 0, 1, 35, 4]
globals: []
--------------------------------------------------
NEXT : LOADA 0
pc=12  sp=10  fp=8
stack  : [1, 0, 10, 8, 1, 0, 1, 35, 4, 0]
globals: []
--------------------------------------------------
NEXT : IPUSH 0
pc=13  sp=11  fp=8
stack  : [1, 0, 10, 8, 1, 0, 1, 35, 4, 0, 1]
globals: []
--------------------------------------------------
NEXT : IEQ
pc=14  sp=12  fp=8
stack  : [1, 0, 10, 8, 1, 0, 1, 35, 4, 0, 1, 0]
globals: []
--------------------------------------------------
NEXT : JPZ 19
pc=15  sp=11  fp=8
stack  : [1, 0, 10, 8, 1, 0, 1, 35, 4, 0, 0]
globals: []
--------------------------------------------------
NEXT : POP
pc=19  sp=10  fp=8
stack  : [1, 0, 10, 8, 1, 0, 1, 35, 4, 0]
globals: []
--------------------------------------------------
NEXT : LOADA 0
pc=20  sp=9  fp=8
stack  : [1, 0, 10, 8, 1, 0, 1, 35, 4]
globals: []
--------------------------------------------------
NEXT : LOADA 1
pc=21  sp=10  fp=8
stack  : [1, 0, 10, 8, 1, 0, 1, 35, 4, 1]
globals: []
--------------------------------------------------
NEXT : IMUL
pc=22  sp=11  fp=8
stack  : [1, 0, 10, 8, 1, 0, 1, 35, 4, 1, 0]
globals: []
--------------------------------------------------
NEXT : LOADA 0
pc=23  sp=10  fp=8
stack  : [1, 0, 10, 8, 1, 0, 1, 35, 4, 0]
globals: []
--------------------------------------------------
NEXT : IPUSH 1
pc=24  sp=11  fp=8
stack  : [1, 0, 10, 8, 1, 0, 1, 35, 4, 0, 1]
globals: []
--------------------------------------------------
NEXT : ISUB
pc=25  sp=12  fp=8
stack  : [1, 0, 10, 8, 1, 0, 1, 35, 4, 0, 1, 1]
globals: []
--------------------------------------------------
NEXT : STOREA 0
pc=26  sp=11  fp=8
stack  : [1, 0, 10, 8, 1, 0, 1, 35, 4, 0, 0]
globals: []
--------------------------------------------------
NEXT : STOREA 1
pc=27  sp=10  fp=8
stack  : [1, 0, 10, 8, 1, 0, 0, 35, 4, 0]
globals: []
--------------------------------------------------
NEXT : JMP 11
pc=28  sp=9  fp=8
stack  : [1, 0, 10, 8, 1, 0, 0, 35, 4]
globals: []
--------------------------------------------------
NEXT : IPUSH 0
pc=11  sp=9  fp=8
stack  : [1, 0, 10, 8, 1, 0, 0, 35, 4]
globals: []
--------------------------------------------------
NEXT : LOADA 0
pc=12  sp=10  fp=8
stack  : [1, 0, 10, 8, 1, 0, 0, 35, 4, 0]
globals: []
--------------------------------------------------
NEXT : IPUSH 0
pc=13  sp=11  fp=8
stack  : [1, 0, 10, 8, 1, 0, 0, 35, 4, 0, 0]
globals: []
--------------------------------------------------
NEXT : IEQ
pc=14  sp=12  fp=8
stack  : [1, 0, 10, 8, 1, 0, 0, 35, 4, 0, 0, 0]
globals: []
--------------------------------------------------
NEXT : JPZ 19
pc=15  sp=11  fp=8
stack  : [1, 0, 10, 8, 1, 0, 0, 35, 4, 0, 1]
globals: []
--------------------------------------------------
NEXT : POP
pc=16  sp=10  fp=8
stack  : [1, 0, 10, 8, 1, 0, 0, 35, 4, 0]
globals: []
--------------------------------------------------
NEXT : LOADA 1
pc=17  sp=9  fp=8
stack  : [1, 0, 10, 8, 1, 0, 0, 35, 4]
globals: []
--------------------------------------------------
NEXT : RET
pc=18  sp=10  fp=8
stack  : [1, 0, 10, 8, 1, 0, 0, 35, 4, 0]
globals: []
--------------------------------------------------
NEXT : CLEAN 2
pc=35  sp=8  fp=4
stack  : [1, 0, 10, 8, 1, 0, 0, 0]
globals: []
--------------------------------------------------
NEXT : RET
pc=36  sp=6  fp=4
stack  : [1, 0, 10, 8, 1, 0]
globals: []
--------------------------------------------------
NEXT : CLEAN 1
pc=8  sp=4  fp=1
stack  : [1, 0, 10, 0]
globals: []
--------------------------------------------------
NEXT : RET
pc=9  sp=3  fp=1
stack  : [1, 0, 0]
globals: []
--------------------------------------------------
NEXT : CLEAN 0
pc=1  sp=1  fp=0
stack  : [0]
globals: []
--------------------------------------------------
NEXT : HALT
pc=2  sp=1  fp=0
stack  : [0]
globals: []
==================================================
HALT
result = 0
pc=2  sp=1  fp=0
stack  : [0]
globals: []
==================================================
result = 0
